 zlibwapi

 Timestamp is 64776f5a (Wed May 31 19:01:30 2023)

 Preferred load address is 0000000180000000

 Start         Length     Name                   Class
 0001:00000000 0002d690H .text$mn                CODE
 0001:0002d690 00001040H .text$mn$00             CODE
 0001:0002e6d0 0000110fH .text$x                 CODE
 0002:00000000 00000110H .CRT$XCA                DATA
 0002:00000110 00000110H .CRT$XCZ                DATA
 0002:00000220 00000110H .CRT$XIA                DATA
 0002:00000330 00000110H .CRT$XIZ                DATA
 0002:00000440 00000110H .CRT$XPA                DATA
 0002:00000550 00000110H .CRT$XPZ                DATA
 0002:00000660 00000110H .CRT$XTA                DATA
 0002:00000770 00000110H .CRT$XTZ                DATA
 0002:00000880 00005980H .rdata                  DATA
 0002:00006200 00000200H .rdata$CastGuardVftablesA DATA
 0002:00006400 0000019cH .rdata$CastGuardVftablesC DATA
 0002:0000659c 0000018cH .rdata$zzzdbg           DATA
 0002:00006728 00000110H .rtc$IAA                DATA
 0002:00006838 00000110H .rtc$IZZ                DATA
 0002:00006948 00000110H .rtc$TAA                DATA
 0002:00006a58 00000110H .rtc$TZZ                DATA
 0002:00006b68 00000e88H .xdata                  DATA
 0002:000079f0 000010f7H .edata                  DATA
 0003:00000000 000009d0H .data                   DATA
 0003:000009d0 00000771H .bss                    DATA
 0004:00000000 0000126cH .pdata                  DATA
 0005:00000000 00000398H .idata$5                DATA
 0005:00000398 0000003cH .idata$2                DATA
 0005:000003d4 00000014H .idata$3                DATA
 0005:000003e8 00000398H .idata$4                DATA
 0005:00000780 00000628H .idata$6                DATA
 0006:00000000 00000175H .00cfg                  DATA
 0007:00000000 00000170H .rsrc$01                DATA
 0007:00000170 000004dcH .rsrc$02                DATA

  Address         Publics by Value              Rva+Base               Lib:Object

 0000:00000000       __AbsoluteZero             0000000000000000     <absolute>
 0000:00000000       ___safe_se_handler_count   0000000000000000     <absolute>
 0000:00000000       ___safe_se_handler_table   0000000000000000     <absolute>
 0000:00000000       __arm64x_extra_rfe_table   0000000000000000     <absolute>
 0000:00000000       __arm64x_extra_rfe_table_size 0000000000000000     <absolute>
 0000:00000000       __arm64x_native_entrypoint 0000000000000000     <absolute>
 0000:00000000       __arm64x_redirection_metadata 0000000000000000     <absolute>
 0000:00000000       __arm64x_redirection_metadata_count 0000000000000000     <absolute>
 0000:00000000       __dynamic_value_reloc_table 0000000000000000     <absolute>
 0000:00000000       __enclave_config           0000000000000000     <absolute>
 0000:00000000       __guard_check_icall_a64n_fptr 0000000000000000     <absolute>
 0000:00000000       __guard_eh_cont_count      0000000000000000     <absolute>
 0000:00000000       __guard_eh_cont_table      0000000000000000     <absolute>
 0000:00000000       __guard_fids_count         0000000000000000     <absolute>
 0000:00000000       __guard_fids_table         0000000000000000     <absolute>
 0000:00000000       __guard_iat_count          0000000000000000     <absolute>
 0000:00000000       __guard_iat_table          0000000000000000     <absolute>
 0000:00000000       __guard_longjmp_count      0000000000000000     <absolute>
 0000:00000000       __guard_longjmp_table      0000000000000000     <absolute>
 0000:00000000       __hybrid_auxiliary_delayload_iat 0000000000000000     <absolute>
 0000:00000000       __hybrid_auxiliary_delayload_iat_copy 0000000000000000     <absolute>
 0000:00000000       __hybrid_auxiliary_iat     0000000000000000     <absolute>
 0000:00000000       __hybrid_auxiliary_iat_copy 0000000000000000     <absolute>
 0000:00000000       __hybrid_code_map          0000000000000000     <absolute>
 0000:00000000       __hybrid_code_map_count    0000000000000000     <absolute>
 0000:00000000       __volatile_metadata        0000000000000000     <absolute>
 0000:00000000       __x64_code_ranges_to_entry_points 0000000000000000     <absolute>
 0000:00000000       __x64_code_ranges_to_entry_points_count 0000000000000000     <absolute>
 0000:00000100       __guard_flags              0000000000000100     <absolute>
 0000:00000000       __ImageBase                0000000180000000     <linker-defined>
 0001:00000a60       adler32                    0000000180001a60 f   adler32.obj
 0001:00000aa0       adler32_z                  0000000180001aa0 f   adler32.obj
 0001:000012b0       adler32_combine            00000001800022b0 f   adler32.obj
 0001:00001420       adler32_combine64          0000000180002420 f   adler32.obj
 0001:000016d0       compress                   00000001800026d0 f   compress.obj
 0001:00001720       compress2                  0000000180002720 f   compress.obj
 0001:000018e0       compressBound              00000001800028e0 f   compress.obj
 0001:000019a0       crc32                      00000001800029a0 f   crc32.obj
 0001:000019e0       crc32_z                    00000001800029e0 f   crc32.obj
 0001:00002640       crc32_combine_op           0000000180003640 f   crc32.obj
 0001:00002670       crc32_combine              0000000180003670 f   crc32.obj
 0001:000026b0       crc32_combine_gen          00000001800036b0 f   crc32.obj
 0001:000026d0       get_crc_table              00000001800036d0 f   crc32.obj
 0001:00002910       crc32_combine64            0000000180003910 f   crc32.obj
 0001:00002950       crc32_combine_gen64        0000000180003950 f   crc32.obj
 0001:00002d60       deflate                    0000000180003d60 f   deflate.obj
 0001:00004290       deflateEnd                 0000000180005290 f   deflate.obj
 0001:000043d0       deflateSetDictionary       00000001800053d0 f   deflate.obj
 0001:00004750       deflateGetDictionary       0000000180005750 f   deflate.obj
 0001:00004830       deflateCopy                0000000180005830 f   deflate.obj
 0001:00004b00       deflateReset               0000000180005b00 f   deflate.obj
 0001:00004b40       deflateParams              0000000180005b40 f   deflate.obj
 0001:00004db0       deflateTune                0000000180005db0 f   deflate.obj
 0001:00004e40       deflateBound               0000000180005e40 f   deflate.obj
 0001:000050b0       deflatePending             00000001800060b0 f   deflate.obj
 0001:00005120       deflatePrime               0000000180006120 f   deflate.obj
 0001:00005260       deflateSetHeader           0000000180006260 f   deflate.obj
 0001:000052c0       deflateInit_               00000001800062c0 f   deflate.obj
 0001:00005320       deflateInit2_              0000000180006320 f   deflate.obj
 0001:000057a0       deflateResetKeep           00000001800067a0 f   deflate.obj
 0001:0000b4c0       gzclose                    000000018000c4c0 f   gzclose.obj
 0001:0000b530       gzdopen                    000000018000c530 f   gzlib.obj
 0001:0000b5b0       gzbuffer                   000000018000c5b0 f   gzlib.obj
 0001:0000b650       gzrewind                   000000018000c650 f   gzlib.obj
 0001:0000b6e0       gzeof                      000000018000c6e0 f   gzlib.obj
 0001:0000b750       gzerror                    000000018000c750 f   gzlib.obj
 0001:0000b810       gzclearerr                 000000018000c810 f   gzlib.obj
 0001:0000b890       gzopen                     000000018000c890 f   gzlib.obj
 0001:0000b8c0       gzseek                     000000018000c8c0 f   gzlib.obj
 0001:0000b920       gztell                     000000018000c920 f   gzlib.obj
 0001:0000b970       gzoffset                   000000018000c970 f   gzlib.obj
 0001:0000b9c0       gzopen_w                   000000018000c9c0 f   gzlib.obj
 0001:0000b9f0       gzopen64                   000000018000c9f0 f   gzlib.obj
 0001:0000ba20       gzseek64                   000000018000ca20 f   gzlib.obj
 0001:0000bd30       gztell64                   000000018000cd30 f   gzlib.obj
 0001:0000bdb0       gzoffset64                 000000018000cdb0 f   gzlib.obj
 0001:0000be70       gz_error                   000000018000ce70 f   gzlib.obj
 0001:0000c970       __local_stdio_printf_options 000000018000d970 f i gzlib.obj
 0001:0000c980       snprintf                   000000018000d980 f i gzlib.obj
 0001:0000c9f0       vsnprintf                  000000018000d9f0 f i gzlib.obj
 0001:0000ca90       gzread                     000000018000da90 f   gzread.obj
 0001:0000cb60       gzfread                    000000018000db60 f   gzread.obj
 0001:0000cc50       gzgets                     000000018000dc50 f   gzread.obj
 0001:0000ce80       gzgetc                     000000018000de80 f   gzread.obj
 0001:0000cf80       gzungetc                   000000018000df80 f   gzread.obj
 0001:0000d1d0       gzdirect                   000000018000e1d0 f   gzread.obj
 0001:0000d230       gzclose_r                  000000018000e230 f   gzread.obj
 0001:0000d340       gzgetc_                    000000018000e340 f   gzread.obj
 0001:0000e360       gzsetparams                000000018000f360 f   gzwrite.obj
 0001:0000e490       gzwrite                    000000018000f490 f   gzwrite.obj
 0001:0000e520       gzfwrite                   000000018000f520 f   gzwrite.obj
 0001:0000e600       gzprintf                   000000018000f600 f   gzwrite.obj
 0001:0000e660       gzputs                     000000018000f660 f   gzwrite.obj
 0001:0000e730       gzputc                     000000018000f730 f   gzwrite.obj
 0001:0000e8b0       gzflush                    000000018000f8b0 f   gzwrite.obj
 0001:0000e970       gzclose_w                  000000018000f970 f   gzwrite.obj
 0001:0000eab0       gzvprintf                  000000018000fab0 f   gzwrite.obj
 0001:0000fa20       inflateBack                0000000180010a20 f   infback.obj
 0001:000116a0       inflateBackEnd             00000001800126a0 f   infback.obj
 0001:00011710       inflateBackInit_           0000000180012710 f   infback.obj
 0001:00012090       inflate_fast               0000000180013090 f   inffast.obj
 0001:00012f20       inflate                    0000000180013f20 f   inflate.obj
 0001:00015dc0       inflateEnd                 0000000180016dc0 f   inflate.obj
 0001:00015e50       inflateSetDictionary       0000000180016e50 f   inflate.obj
 0001:00015f50       inflateGetDictionary       0000000180016f50 f   inflate.obj
 0001:00016030       inflateSync                0000000180017030 f   inflate.obj
 0001:00016280       inflateCopy                0000000180017280 f   inflate.obj
 0001:000164e0       inflateReset               00000001800174e0 f   inflate.obj
 0001:00016550       inflateReset2              0000000180017550 f   inflate.obj
 0001:00016660       inflatePrime               0000000180017660 f   inflate.obj
 0001:00016740       inflateMark                0000000180017740 f   inflate.obj
 0001:000167e0       inflateGetHeader           00000001800177e0 f   inflate.obj
 0001:00016850       inflateInit_               0000000180017850 f   inflate.obj
 0001:00016890       inflateInit2_              0000000180017890 f   inflate.obj
 0001:00016a00       inflateSyncPoint           0000000180017a00 f   inflate.obj
 0001:00016a70       inflateUndermine           0000000180017a70 f   inflate.obj
 0001:00016ac0       inflateValidate            0000000180017ac0 f   inflate.obj
 0001:00016b40       inflateCodesUsed           0000000180017b40 f   inflate.obj
 0001:00016ba0       inflateResetKeep           0000000180017ba0 f   inflate.obj
 0001:00018130       inflate_table              0000000180019130 f   inftrees.obj
 0001:00018b10       fill_fopen64_filefunc      0000000180019b10 f   ioapi.obj
 0001:00018ba0       fill_fopen_filefunc        0000000180019ba0 f   ioapi.obj
 0001:00018c30       call_zopen64               0000000180019c30 f   ioapi.obj
 0001:00018ca0       call_zseek64               0000000180019ca0 f   ioapi.obj
 0001:00018d30       call_ztell64               0000000180019d30 f   ioapi.obj
 0001:00018da0       fill_zlib_filefunc64_32_def_from_filefunc32 0000000180019da0 f   ioapi.obj
 0001:00019450       fill_win32_filefunc        000000018001a450 f   iowin32.obj
 0001:000194e0       fill_win32_filefunc64      000000018001a4e0 f   iowin32.obj
 0001:00019570       fill_win32_filefunc64A     000000018001a570 f   iowin32.obj
 0001:00019600       fill_win32_filefunc64W     000000018001a600 f   iowin32.obj
 0001:00019690       win32_open_file_func       000000018001a690 f   iowin32.obj
 0001:00019740       win32_read_file_func       000000018001a740 f   iowin32.obj
 0001:000197f0       win32_write_file_func      000000018001a7f0 f   iowin32.obj
 0001:000198a0       win32_tell64_file_func     000000018001a8a0 f   iowin32.obj
 0001:00019940       win32_seek64_file_func     000000018001a940 f   iowin32.obj
 0001:00019a30       win32_close_file_func      000000018001aa30 f   iowin32.obj
 0001:00019a90       win32_error_file_func      000000018001aa90 f   iowin32.obj
 0001:00019c20       win32_open64_file_func     000000018001ac20 f   iowin32.obj
 0001:00019cd0       win32_open64_file_funcA    000000018001acd0 f   iowin32.obj
 0001:00019d80       win32_open64_file_funcW    000000018001ad80 f   iowin32.obj
 0001:00019ed0       win32_tell_file_func       000000018001aed0 f   iowin32.obj
 0001:00019f70       win32_seek_file_func       000000018001af70 f   iowin32.obj
 0001:0001a360       _tr_init                   000000018001b360 f   trees.obj
 0001:0001a420       _tr_tally                  000000018001b420 f   trees.obj
 0001:0001a610       _tr_flush_block            000000018001b610 f   trees.obj
 0001:0001aa90       _tr_flush_bits             000000018001ba90 f   trees.obj
 0001:0001aab0       _tr_align                  000000018001bab0 f   trees.obj
 0001:0001adc0       _tr_stored_block           000000018001bdc0 f   trees.obj
 0001:0001f0d0       uncompress                 00000001800200d0 f   uncompr.obj
 0001:0001f110       uncompress2                0000000180020110 f   uncompr.obj
 0001:0001f400       unzStringFileNameCompare   0000000180020400 f   unzip.obj
 0001:0001f460       unzOpen                    0000000180020460 f   unzip.obj
 0001:0001f490       unzOpen64                  0000000180020490 f   unzip.obj
 0001:0001f4c0       unzOpen2                   00000001800204c0 f   unzip.obj
 0001:0001f530       unzOpen2_64                0000000180020530 f   unzip.obj
 0001:0001f5c0       unzClose                   00000001800205c0 f   unzip.obj
 0001:0001f630       unzGetGlobalInfo           0000000180020630 f   unzip.obj
 0001:0001f680       unzGetGlobalInfo64         0000000180020680 f   unzip.obj
 0001:0001f6d0       unzGetGlobalComment        00000001800206d0 f   unzip.obj
 0001:0001f7d0       unzGoToFirstFile           00000001800207d0 f   unzip.obj
 0001:0001f8c0       unzGoToNextFile            00000001800208c0 f   unzip.obj
 0001:0001fa20       unzLocateFile              0000000180020a20 f   unzip.obj
 0001:0001fbf0       unzGetFilePos              0000000180020bf0 f   unzip.obj
 0001:0001fc40       unzGoToFilePos             0000000180020c40 f   unzip.obj
 0001:0001fc90       unzGetFilePos64            0000000180020c90 f   unzip.obj
 0001:0001fd10       unzGoToFilePos64           0000000180020d10 f   unzip.obj
 0001:0001fe00       unzGetCurrentFileInfo64    0000000180020e00 f   unzip.obj
 0001:0001fe80       unzGetCurrentFileInfo      0000000180020e80 f   unzip.obj
 0001:00020030       unzGetCurrentFileZStreamPos64 0000000180021030 f   unzip.obj
 0001:00020090       unzOpenCurrentFile         0000000180021090 f   unzip.obj
 0001:000200c0       unzOpenCurrentFilePassword 00000001800210c0 f   unzip.obj
 0001:00020100       unzOpenCurrentFile2        0000000180021100 f   unzip.obj
 0001:00020150       unzOpenCurrentFile3        0000000180021150 f   unzip.obj
 0001:00020560       unzCloseCurrentFile        0000000180021560 f   unzip.obj
 0001:00020660       unzReadCurrentFile         0000000180021660 f   unzip.obj
 0001:00020c10       unztell                    0000000180021c10 f   unzip.obj
 0001:00020c70       unztell64                  0000000180021c70 f   unzip.obj
 0001:00020cd0       unzeof                     0000000180021cd0 f   unzip.obj
 0001:00020d40       unzGetLocalExtrafield      0000000180021d40 f   unzip.obj
 0001:00020e80       unzGetOffset64             0000000180021e80 f   unzip.obj
 0001:00020f00       unzGetOffset               0000000180021f00 f   unzip.obj
 0001:00020f40       unzSetOffset64             0000000180021f40 f   unzip.obj
 0001:00021030       unzSetOffset               0000000180022030 f   unzip.obj
 0001:00023c20       zipOpen                    0000000180024c20 f   zip.obj
 0001:00023c50       zipOpen64                  0000000180024c50 f   zip.obj
 0001:00023c80       zipOpen2                   0000000180024c80 f   zip.obj
 0001:00023d10       zipOpen2_64                0000000180024d10 f   zip.obj
 0001:00023dc0       zipOpen3                   0000000180024dc0 f   zip.obj
 0001:00023fd0       zipOpenNewFileInZip        0000000180024fd0 f   zip.obj
 0001:000240c0       zipOpenNewFileInZip64      00000001800250c0 f   zip.obj
 0001:000241b0       zipOpenNewFileInZip2       00000001800251b0 f   zip.obj
 0001:000242a0       zipOpenNewFileInZip2_64    00000001800252a0 f   zip.obj
 0001:00024390       zipOpenNewFileInZip3       0000000180025390 f   zip.obj
 0001:00024490       zipOpenNewFileInZip3_64    0000000180025490 f   zip.obj
 0001:00024590       zipOpenNewFileInZip4       0000000180025590 f   zip.obj
 0001:00024690       zipOpenNewFileInZip4_64    0000000180025690 f   zip.obj
 0001:00025000       zipWriteInFileInZip        0000000180026000 f   zip.obj
 0001:000252c0       zipCloseFileInZip          00000001800262c0 f   zip.obj
 0001:000252f0       zipCloseFileInZipRaw       00000001800262f0 f   zip.obj
 0001:00025330       zipCloseFileInZipRaw64     0000000180026330 f   zip.obj
 0001:00025b20       zipClose                   0000000180026b20 f   zip.obj
 0001:00025d70       zipRemoveExtraInfoBlock    0000000180026d70 f   zip.obj
 0001:00029710       zlibVersion                000000018002a710 f   zutil.obj
 0001:00029720       zlibCompileFlags           000000018002a720 f   zutil.obj
 0001:00029850       zError                     000000018002a850 f   zutil.obj
 0001:00029880       zcalloc                    000000018002a880 f   zutil.obj
 0001:000298b0       zcfree                     000000018002a8b0 f   zutil.obj
 0001:0002993d       CreateFileA                000000018002a93d f   kernel32:KERNEL32.dll
 0001:00029943       CreateFileW                000000018002a943 f   kernel32:KERNEL32.dll
 0001:00029949       ReadFile                   000000018002a949 f   kernel32:KERNEL32.dll
 0001:0002994f       SetFilePointer             000000018002a94f f   kernel32:KERNEL32.dll
 0001:00029955       WriteFile                  000000018002a955 f   kernel32:KERNEL32.dll
 0001:0002995b       CloseHandle                000000018002a95b f   kernel32:KERNEL32.dll
 0001:00029961       GetLastError               000000018002a961 f   kernel32:KERNEL32.dll
 0001:00029980       __chkstk                   000000018002a980 f   MSVCRTD:chkstk.obj
 0001:00029980       _alloca_probe              000000018002a980 f   MSVCRTD:chkstk.obj
 0001:00029ef0       _CRT_INIT                  000000018002aef0 f   MSVCRTD:dll_dllmain.obj
 0001:00029f30       _DllMainCRTStartup         000000018002af30 f   MSVCRTD:dll_dllmain.obj
 0001:0002a070       __security_init_cookie     000000018002b070 f   MSVCRTD:gs_support.obj
 0001:0002a110       DllMain                    000000018002b110 f   MSVCRTD:dll_dllmain_stub.obj
 0001:0002a160       ?__scrt_initialize_type_info@@YAXXZ 000000018002b160 f   MSVCRTD:tncleanup.obj
 0001:0002a180       ?__scrt_uninitialize_type_info@@YAXXZ 000000018002b180 f   MSVCRTD:tncleanup.obj
 0001:0002a1a0       __local_stdio_scanf_options 000000018002b1a0 f i MSVCRTD:default_local_stdio_options.obj
 0001:0002a1b0       __scrt_initialize_default_local_stdio_options 000000018002b1b0 f   MSVCRTD:default_local_stdio_options.obj
 0001:0002a210       ?configure_argv@__scrt_narrow_argv_policy@@SAHXZ 000000018002b210 f i MSVCRTD:utility.obj
 0001:0002a330       ?initialize_environment@__scrt_narrow_environment_policy@@SAHXZ 000000018002b330 f i MSVCRTD:utility.obj
 0001:0002a400       NtCurrentTeb               000000018002b400 f i MSVCRTD:utility.obj
 0001:0002a410       __scrt_acquire_startup_lock 000000018002b410 f   MSVCRTD:utility.obj
 0001:0002a490       __scrt_dllmain_after_initialize_c 000000018002b490 f   MSVCRTD:utility.obj
 0001:0002a4d0       __scrt_dllmain_before_initialize_c 000000018002b4d0 f   MSVCRTD:utility.obj
 0001:0002a500       __scrt_dllmain_crt_thread_attach 000000018002b500 f   MSVCRTD:utility.obj
 0001:0002a540       __scrt_dllmain_crt_thread_detach 000000018002b540 f   MSVCRTD:utility.obj
 0001:0002a560       __scrt_dllmain_exception_filter 000000018002b560 f   MSVCRTD:utility.obj
 0001:0002a5e0       __scrt_dllmain_uninitialize_c 000000018002b5e0 f   MSVCRTD:utility.obj
 0001:0002a620       __scrt_dllmain_uninitialize_critical 000000018002b620 f   MSVCRTD:utility.obj
 0001:0002a640       __scrt_initialize_crt      000000018002b640 f   MSVCRTD:utility.obj
 0001:0002a6a0       __scrt_initialize_onexit_tables 000000018002b6a0 f   MSVCRTD:utility.obj
 0001:0002a7f0       __scrt_is_nonwritable_in_current_image 000000018002b7f0 f   MSVCRTD:utility.obj
 0001:0002a8a0       __scrt_release_startup_lock 000000018002b8a0 f   MSVCRTD:utility.obj
 0001:0002a8e0       __scrt_uninitialize_crt    000000018002b8e0 f   MSVCRTD:utility.obj
 0001:0002a930       _onexit                    000000018002b930 f   MSVCRTD:utility.obj
 0001:0002a9d0       at_quick_exit              000000018002b9d0 f   MSVCRTD:utility.obj
 0001:0002aa30       atexit                     000000018002ba30 f   MSVCRTD:utility.obj
 0001:0002aa70       __scrt_get_dyn_tls_init_callback 000000018002ba70 f   MSVCRTD:dyn_tls_init.obj
 0001:0002aa80       __crt_debugger_hook        000000018002ba80 f   MSVCRTD:utility_desktop.obj
 0001:0002aaa0       __scrt_fastfail            000000018002baa0 f   MSVCRTD:utility_desktop.obj
 0001:0002aca0       __scrt_get_show_window_mode 000000018002bca0 f   MSVCRTD:utility_desktop.obj
 0001:0002ad10       __scrt_initialize_mta      000000018002bd10 f   MSVCRTD:utility_desktop.obj
 0001:0002ad30       __scrt_initialize_winrt    000000018002bd30 f   MSVCRTD:utility_desktop.obj
 0001:0002ad40       __scrt_is_managed_app      000000018002bd40 f   MSVCRTD:utility_desktop.obj
 0001:0002ae10       __scrt_set_unhandled_exception_filter 000000018002be10 f   MSVCRTD:utility_desktop.obj
 0001:0002ae30       __scrt_exe_initialize_mta  000000018002be30 f   MSVCRTD:utility_desktop.obj
 0001:0002ae30       __scrt_stub_for_initialize_mta 000000018002be30 f   MSVCRTD:utility_desktop.obj
 0001:0002ae40       __scrt_unhandled_exception_filter 000000018002be40 f   MSVCRTD:utility_desktop.obj
 0001:0002af00       _RTC_Initialize            000000018002bf00 f   MSVCRTD:initsect.obj
 0001:0002af60       _RTC_Terminate             000000018002bf60 f   MSVCRTD:initsect.obj
 0001:0002afc0       _guard_check_icall_nop     000000018002bfc0 f i MSVCRTD:guard_support.obj
 0001:0002afd0       ReadNoFence64              000000018002bfd0 f i MSVCRTD:guard_support.obj
 0001:0002b000       ReadPointerNoFence         000000018002c000 f i MSVCRTD:guard_support.obj
 0001:0002b020       __castguard_check_failure_debugbreak 000000018002c020 f i MSVCRTD:guard_support.obj
 0001:0002b050       __castguard_check_failure_fastfail 000000018002c050 f i MSVCRTD:guard_support.obj
 0001:0002b080       __castguard_check_failure_nop 000000018002c080 f i MSVCRTD:guard_support.obj
 0001:0002b090       __castguard_check_failure_os_handled 000000018002c090 f i MSVCRTD:guard_support.obj
 0001:0002b100       __castguard_check_failure_user_handled 000000018002c100 f i MSVCRTD:guard_support.obj
 0001:0002b210       __castguard_set_user_handler 000000018002c210 f i MSVCRTD:guard_support.obj
 0001:0002b240       __castguard_slow_path_check_debugbreak 000000018002c240 f i MSVCRTD:guard_support.obj
 0001:0002b290       __castguard_slow_path_check_fastfail 000000018002c290 f i MSVCRTD:guard_support.obj
 0001:0002b2f0       __castguard_slow_path_check_nop 000000018002c2f0 f i MSVCRTD:guard_support.obj
 0001:0002b310       __castguard_slow_path_check_os_handled 000000018002c310 f i MSVCRTD:guard_support.obj
 0001:0002b370       __castguard_slow_path_check_user_handled 000000018002c370 f i MSVCRTD:guard_support.obj
 0001:0002b460       _guard_icall_checks_enforced 000000018002c460 f i MSVCRTD:guard_support.obj
 0001:0002b4b0       _guard_rf_checks_enforced  000000018002c4b0 f i MSVCRTD:guard_support.obj
 0001:0002b4c0       __isa_available_init       000000018002c4c0 f   MSVCRTD:cpu_disp.obj
 0001:0002b950       _get_startup_argv_mode     000000018002c950 f   MSVCRTD:argv_mode.obj
 0001:0002b960       __scrt_is_ucrt_dll_in_use  000000018002c960 f   MSVCRTD:ucrt_detection.obj
 0001:0002b990       __GSHandlerCheck           000000018002c990 f   MSVCRTD:gshandler.obj
 0001:0002b9e0       __GSHandlerCheckCommon     000000018002c9e0 f   MSVCRTD:gshandler.obj
 0001:0002bb30       __security_check_cookie    000000018002cb30 f   MSVCRTD:amdsecgs.obj
 0001:0002bb60       __raise_securityfailure    000000018002cb60 f   MSVCRTD:gs_report.obj
 0001:0002bbb0       __report_gsfailure         000000018002cbb0 f   MSVCRTD:gs_report.obj
 0001:0002bcc0       __report_rangecheckfailure 000000018002ccc0 f   MSVCRTD:gs_report.obj
 0001:0002bce0       __report_securityfailure   000000018002cce0 f   MSVCRTD:gs_report.obj
 0001:0002bdb0       __report_securityfailureEx 000000018002cdb0 f   MSVCRTD:gs_report.obj
 0001:0002c0ae       memcpy                     000000018002d0ae f   vcruntimed:VCRUNTIME140D.dll
 0001:0002c0b4       memset                     000000018002d0b4 f   vcruntimed:VCRUNTIME140D.dll
 0001:0002c0ba       memchr                     000000018002d0ba f   vcruntimed:VCRUNTIME140D.dll
 0001:0002c0c0       memmove                    000000018002d0c0 f   vcruntimed:VCRUNTIME140D.dll
 0001:0002c0c6       __C_specific_handler       000000018002d0c6 f   vcruntimed:VCRUNTIME140D.dll
 0001:0002c0cc       __std_type_info_destroy_list 000000018002d0cc f   vcruntimed:VCRUNTIME140D.dll
 0001:0002c0d2       __current_exception        000000018002d0d2 f   vcruntimed:VCRUNTIME140D.dll
 0001:0002c0d8       __current_exception_context 000000018002d0d8 f   vcruntimed:VCRUNTIME140D.dll
 0001:0002c0de       __stdio_common_vsprintf    000000018002d0de f   ucrtd:ucrtbased.dll
 0001:0002c0e4       strlen                     000000018002d0e4 f   ucrtd:ucrtbased.dll
 0001:0002c0ea       free                       000000018002d0ea f   ucrtd:ucrtbased.dll
 0001:0002c0f0       malloc                     000000018002d0f0 f   ucrtd:ucrtbased.dll
 0001:0002c0f6       wcstombs                   000000018002d0f6 f   ucrtd:ucrtbased.dll
 0001:0002c0fc       _wopen                     000000018002d0fc f   ucrtd:ucrtbased.dll
 0001:0002c102       _lseeki64                  000000018002d102 f   ucrtd:ucrtbased.dll
 0001:0002c108       _open                      000000018002d108 f   ucrtd:ucrtbased.dll
 0001:0002c10e       _errno                     000000018002d10e f   ucrtd:ucrtbased.dll
 0001:0002c114       strerror                   000000018002d114 f   ucrtd:ucrtbased.dll
 0001:0002c11a       _close                     000000018002d11a f   ucrtd:ucrtbased.dll
 0001:0002c120       _read                      000000018002d120 f   ucrtd:ucrtbased.dll
 0001:0002c126       _write                     000000018002d126 f   ucrtd:ucrtbased.dll
 0001:0002c12c       fclose                     000000018002d12c f   ucrtd:ucrtbased.dll
 0001:0002c132       ferror                     000000018002d132 f   ucrtd:ucrtbased.dll
 0001:0002c138       fopen                      000000018002d138 f   ucrtd:ucrtbased.dll
 0001:0002c13e       fread                      000000018002d13e f   ucrtd:ucrtbased.dll
 0001:0002c144       fseek                      000000018002d144 f   ucrtd:ucrtbased.dll
 0001:0002c14a       _fseeki64                  000000018002d14a f   ucrtd:ucrtbased.dll
 0001:0002c150       ftell                      000000018002d150 f   ucrtd:ucrtbased.dll
 0001:0002c156       _ftelli64                  000000018002d156 f   ucrtd:ucrtbased.dll
 0001:0002c15c       fwrite                     000000018002d15c f   ucrtd:ucrtbased.dll
 0001:0002c162       strcmp                     000000018002d162 f   ucrtd:ucrtbased.dll
 0001:0002c168       srand                      000000018002d168 f   ucrtd:ucrtbased.dll
 0001:0002c16e       rand                       000000018002d16e f   ucrtd:ucrtbased.dll
 0001:0002c174       _time64                    000000018002d174 f   ucrtd:ucrtbased.dll
 0001:0002c17a       _initterm                  000000018002d17a f   ucrtd:ucrtbased.dll
 0001:0002c180       _initterm_e                000000018002d180 f   ucrtd:ucrtbased.dll
 0001:0002c186       _seh_filter_dll            000000018002d186 f   ucrtd:ucrtbased.dll
 0001:0002c18c       _configure_narrow_argv     000000018002d18c f   ucrtd:ucrtbased.dll
 0001:0002c192       _initialize_narrow_environment 000000018002d192 f   ucrtd:ucrtbased.dll
 0001:0002c198       _initialize_onexit_table   000000018002d198 f   ucrtd:ucrtbased.dll
 0001:0002c19e       _register_onexit_function  000000018002d19e f   ucrtd:ucrtbased.dll
 0001:0002c1a4       _execute_onexit_table      000000018002d1a4 f   ucrtd:ucrtbased.dll
 0001:0002c1aa       _crt_atexit                000000018002d1aa f   ucrtd:ucrtbased.dll
 0001:0002c1b0       _crt_at_quick_exit         000000018002d1b0 f   ucrtd:ucrtbased.dll
 0001:0002c1b6       _cexit                     000000018002d1b6 f   ucrtd:ucrtbased.dll
 0001:0002c1bc       terminate                  000000018002d1bc f   ucrtd:ucrtbased.dll
 0001:0002c1c2       QueryPerformanceCounter    000000018002d1c2 f   kernel32:KERNEL32.dll
 0001:0002c1c8       GetCurrentProcessId        000000018002d1c8 f   kernel32:KERNEL32.dll
 0001:0002c1ce       GetCurrentThreadId         000000018002d1ce f   kernel32:KERNEL32.dll
 0001:0002c1d4       GetSystemTimeAsFileTime    000000018002d1d4 f   kernel32:KERNEL32.dll
 0001:0002c1da       DisableThreadLibraryCalls  000000018002d1da f   kernel32:KERNEL32.dll
 0001:0002c1e0       InitializeSListHead        000000018002d1e0 f   kernel32:KERNEL32.dll
 0001:0002c1e6       RtlCaptureContext          000000018002d1e6 f   kernel32:KERNEL32.dll
 0001:0002c1ec       RtlLookupFunctionEntry     000000018002d1ec f   kernel32:KERNEL32.dll
 0001:0002c1f2       RtlVirtualUnwind           000000018002d1f2 f   kernel32:KERNEL32.dll
 0001:0002c1f8       IsDebuggerPresent          000000018002d1f8 f   kernel32:KERNEL32.dll
 0001:0002c1fe       UnhandledExceptionFilter   000000018002d1fe f   kernel32:KERNEL32.dll
 0001:0002c204       SetUnhandledExceptionFilter 000000018002d204 f   kernel32:KERNEL32.dll
 0001:0002c20a       GetStartupInfoW            000000018002d20a f   kernel32:KERNEL32.dll
 0001:0002c210       IsProcessorFeaturePresent  000000018002d210 f   kernel32:KERNEL32.dll
 0001:0002c216       GetModuleHandleW           000000018002d216 f   kernel32:KERNEL32.dll
 0001:0002c21c       GetCurrentProcess          000000018002d21c f   kernel32:KERNEL32.dll
 0001:0002c222       TerminateProcess           000000018002d222 f   kernel32:KERNEL32.dll
 0001:0002c230       __acrt_initialize          000000018002d230 f   MSVCRTD:ucrt_stubs.obj
 0001:0002c230       __scrt_stub_for_acrt_initialize 000000018002d230 f   MSVCRTD:ucrt_stubs.obj
 0001:0002c230       __vcrt_initialize          000000018002d230 f   MSVCRTD:ucrt_stubs.obj
 0001:0002c240       __acrt_thread_attach       000000018002d240 f   MSVCRTD:ucrt_stubs.obj
 0001:0002c240       __scrt_stub_for_acrt_thread_attach 000000018002d240 f   MSVCRTD:ucrt_stubs.obj
 0001:0002c240       __vcrt_thread_attach       000000018002d240 f   MSVCRTD:ucrt_stubs.obj
 0001:0002c250       __acrt_thread_detach       000000018002d250 f   MSVCRTD:ucrt_stubs.obj
 0001:0002c250       __scrt_stub_for_acrt_thread_detach 000000018002d250 f   MSVCRTD:ucrt_stubs.obj
 0001:0002c250       __vcrt_thread_detach       000000018002d250 f   MSVCRTD:ucrt_stubs.obj
 0001:0002c260       __acrt_uninitialize        000000018002d260 f   MSVCRTD:ucrt_stubs.obj
 0001:0002c260       __scrt_stub_for_acrt_uninitialize 000000018002d260 f   MSVCRTD:ucrt_stubs.obj
 0001:0002c260       __vcrt_uninitialize        000000018002d260 f   MSVCRTD:ucrt_stubs.obj
 0001:0002c270       __acrt_uninitialize_critical 000000018002d270 f   MSVCRTD:ucrt_stubs.obj
 0001:0002c270       __scrt_stub_for_acrt_uninitialize_critical 000000018002d270 f   MSVCRTD:ucrt_stubs.obj
 0001:0002c270       __vcrt_uninitialize_critical 000000018002d270 f   MSVCRTD:ucrt_stubs.obj
 0001:0002c280       __scrt_stub_for_is_c_termination_complete 000000018002d280 f   MSVCRTD:ucrt_stubs.obj
 0001:0002c280       _is_c_termination_complete 000000018002d280 f   MSVCRTD:ucrt_stubs.obj
 0001:0002d6a0       _guard_dispatch_icall_nop  000000018002e6a0 f   MSVCRTD:guard_dispatch.obj
 0001:0002d6c0       _guard_xfg_dispatch_icall_nop 000000018002e6c0 f   MSVCRTD:guard_xfg_dispatch.obj
 0002:00000000       __xc_a                     0000000180031000     MSVCRTD:initializers.obj
 0002:00000110       __xc_z                     0000000180031110     MSVCRTD:initializers.obj
 0002:00000220       __xi_a                     0000000180031220     MSVCRTD:initializers.obj
 0002:00000330       __xi_z                     0000000180031330     MSVCRTD:initializers.obj
 0002:00000440       __xp_a                     0000000180031440     MSVCRTD:initializers.obj
 0002:00000550       __xp_z                     0000000180031550     MSVCRTD:initializers.obj
 0002:00000660       __xt_a                     0000000180031660     MSVCRTD:initializers.obj
 0002:00000770       __xt_z                     0000000180031770     MSVCRTD:initializers.obj
 0002:00003920       deflate_copyright          0000000180034920     deflate.obj
 0002:00004f10       inflate_copyright          0000000180035f10     inftrees.obj
 0002:00005080       _length_code               0000000180036080     trees.obj
 0002:00005180       _dist_code                 0000000180036180     trees.obj
 0002:00005d70       unz_copyright              0000000180036d70     unzip.obj
 0002:00005de0       zip_copyright              0000000180036de0     zip.obj
 0002:00005e40       z_errmsg                   0000000180036e40     zutil.obj
 0002:00005ea0       _pDefaultRawDllMain        0000000180036ea0     MSVCRTD:dll_dllmain.obj
 0002:00005ea0       _pRawDllMain               0000000180036ea0     MSVCRTD:dll_dllmain.obj
 0002:00005ed0       _load_config_used          0000000180036ed0     MSVCRTD:loadcfg.obj
 0002:00006200       __CastGuardVftablesStart   0000000180037200     MSVCRTD:guard_support.obj
 0002:00006400       __CastGuardVftablesEnd     0000000180037400     MSVCRTD:guard_support.obj
 0002:00006728       __rtc_iaa                  0000000180037728     MSVCRTD:initsect.obj
 0002:00006838       __rtc_izz                  0000000180037838     MSVCRTD:initsect.obj
 0002:00006948       __rtc_taa                  0000000180037948     MSVCRTD:initsect.obj
 0002:00006a58       __rtc_tzz                  0000000180037a58     MSVCRTD:initsect.obj
 0003:00000870       __scrt_native_dllmain_reason 000000018003a870     MSVCRTD:utility.obj
 0003:00000878       __security_cookie_complement 000000018003a878     MSVCRTD:gs_cookie.obj
 0003:00000880       __security_cookie          000000018003a880     MSVCRTD:gs_cookie.obj
 0003:00000890       __isa_available            000000018003a890     MSVCRTD:cpu_disp.obj
 0003:00000894       __isa_enabled              000000018003a894     MSVCRTD:cpu_disp.obj
 0003:00000898       __memset_fast_string_threshold 000000018003a898     MSVCRTD:cpu_disp.obj
 0003:000008a0       __memset_nt_threshold      000000018003a8a0     MSVCRTD:cpu_disp.obj
 0003:000008b0       __scrt_ucrt_dll_is_in_use  000000018003a8b0     MSVCRTD:ucrt_stubs.obj
 0003:000009e0       ?__type_info_root_node@@3U__type_info_node@@A 000000018003a9e0     MSVCRTD:tncleanup.obj
 0003:000009f8       ?_OptionsStorage@?1??__local_stdio_printf_options@@9@4_KA 000000018003a9f8     MSVCRTD:default_local_stdio_options.obj
 0003:00000a08       ?_OptionsStorage@?1??__local_stdio_scanf_options@@9@4_KA 000000018003aa08     MSVCRTD:default_local_stdio_options.obj
 0003:00000a18       __scrt_current_native_startup_state 000000018003aa18     MSVCRTD:utility.obj
 0003:00000a20       __scrt_native_startup_lock 000000018003aa20     MSVCRTD:utility.obj
 0003:00000a70       __scrt_debugger_hook_flag  000000018003aa70     MSVCRTD:utility_desktop.obj
 0003:00000a78       __castguard_check_failure_user_handled_fptr 000000018003aa78     MSVCRTD:guard_support.obj
 0003:00000a84       __favor                    000000018003aa84     MSVCRTD:cpu_disp.obj
 0003:00001118       ?_OptionsStorage@?1??__local_stdio_printf_options@@9@9 000000018003b118     <common>
 0003:00001130       __dyn_tls_init_callback    000000018003b130     <common>
 0005:00000000       __imp_CreateFileA          000000018003e000     kernel32:KERNEL32.dll
 0005:00000008       __imp_CreateFileW          000000018003e008     kernel32:KERNEL32.dll
 0005:00000010       __imp_ReadFile             000000018003e010     kernel32:KERNEL32.dll
 0005:00000018       __imp_SetFilePointer       000000018003e018     kernel32:KERNEL32.dll
 0005:00000020       __imp_WriteFile            000000018003e020     kernel32:KERNEL32.dll
 0005:00000028       __imp_CloseHandle          000000018003e028     kernel32:KERNEL32.dll
 0005:00000030       __imp_GetLastError         000000018003e030     kernel32:KERNEL32.dll
 0005:00000038       __imp_GetCurrentProcess    000000018003e038     kernel32:KERNEL32.dll
 0005:00000040       __imp_GetModuleHandleW     000000018003e040     kernel32:KERNEL32.dll
 0005:00000048       __imp_IsProcessorFeaturePresent 000000018003e048     kernel32:KERNEL32.dll
 0005:00000050       __imp_GetStartupInfoW      000000018003e050     kernel32:KERNEL32.dll
 0005:00000058       __imp_SetUnhandledExceptionFilter 000000018003e058     kernel32:KERNEL32.dll
 0005:00000060       __imp_UnhandledExceptionFilter 000000018003e060     kernel32:KERNEL32.dll
 0005:00000068       __imp_IsDebuggerPresent    000000018003e068     kernel32:KERNEL32.dll
 0005:00000070       __imp_RtlVirtualUnwind     000000018003e070     kernel32:KERNEL32.dll
 0005:00000078       __imp_RtlLookupFunctionEntry 000000018003e078     kernel32:KERNEL32.dll
 0005:00000080       __imp_RtlCaptureContext    000000018003e080     kernel32:KERNEL32.dll
 0005:00000088       __imp_InitializeSListHead  000000018003e088     kernel32:KERNEL32.dll
 0005:00000090       __imp_DisableThreadLibraryCalls 000000018003e090     kernel32:KERNEL32.dll
 0005:00000098       __imp_GetSystemTimeAsFileTime 000000018003e098     kernel32:KERNEL32.dll
 0005:000000a0       __imp_GetCurrentThreadId   000000018003e0a0     kernel32:KERNEL32.dll
 0005:000000a8       __imp_GetCurrentProcessId  000000018003e0a8     kernel32:KERNEL32.dll
 0005:000000b0       __imp_QueryPerformanceCounter 000000018003e0b0     kernel32:KERNEL32.dll
 0005:000000b8       __imp_TerminateProcess     000000018003e0b8     kernel32:KERNEL32.dll
 0005:000000c0       \177KERNEL32_NULL_THUNK_DATA 000000018003e0c0     kernel32:KERNEL32.dll
 0005:00000138       __imp_memmove              000000018003e138     vcruntimed:VCRUNTIME140D.dll
 0005:00000140       __imp___C_specific_handler 000000018003e140     vcruntimed:VCRUNTIME140D.dll
 0005:00000148       __imp___std_type_info_destroy_list 000000018003e148     vcruntimed:VCRUNTIME140D.dll
 0005:00000150       __imp___current_exception  000000018003e150     vcruntimed:VCRUNTIME140D.dll
 0005:00000158       __imp___current_exception_context 000000018003e158     vcruntimed:VCRUNTIME140D.dll
 0005:00000160       __imp_memchr               000000018003e160     vcruntimed:VCRUNTIME140D.dll
 0005:00000168       __imp_memcpy               000000018003e168     vcruntimed:VCRUNTIME140D.dll
 0005:00000170       __imp_memset               000000018003e170     vcruntimed:VCRUNTIME140D.dll
 0005:00000178       \177VCRUNTIME140D_NULL_THUNK_DATA 000000018003e178     vcruntimed:VCRUNTIME140D.dll
 0005:000001d8       __imp_fseek                000000018003e1d8     ucrtd:ucrtbased.dll
 0005:000001e0       __imp__fseeki64            000000018003e1e0     ucrtd:ucrtbased.dll
 0005:000001e8       __imp__lseeki64            000000018003e1e8     ucrtd:ucrtbased.dll
 0005:000001f0       __imp__ftelli64            000000018003e1f0     ucrtd:ucrtbased.dll
 0005:000001f8       __imp_fwrite               000000018003e1f8     ucrtd:ucrtbased.dll
 0005:00000200       __imp_strcmp               000000018003e200     ucrtd:ucrtbased.dll
 0005:00000208       __imp_srand                000000018003e208     ucrtd:ucrtbased.dll
 0005:00000210       __imp_rand                 000000018003e210     ucrtd:ucrtbased.dll
 0005:00000218       __imp__time64              000000018003e218     ucrtd:ucrtbased.dll
 0005:00000220       __imp__initterm            000000018003e220     ucrtd:ucrtbased.dll
 0005:00000228       __imp__initterm_e          000000018003e228     ucrtd:ucrtbased.dll
 0005:00000230       __imp__seh_filter_dll      000000018003e230     ucrtd:ucrtbased.dll
 0005:00000238       __imp__configure_narrow_argv 000000018003e238     ucrtd:ucrtbased.dll
 0005:00000240       __imp_fopen                000000018003e240     ucrtd:ucrtbased.dll
 0005:00000248       __imp__initialize_onexit_table 000000018003e248     ucrtd:ucrtbased.dll
 0005:00000250       __imp__register_onexit_function 000000018003e250     ucrtd:ucrtbased.dll
 0005:00000258       __imp__execute_onexit_table 000000018003e258     ucrtd:ucrtbased.dll
 0005:00000260       __imp__crt_atexit          000000018003e260     ucrtd:ucrtbased.dll
 0005:00000268       __imp__crt_at_quick_exit   000000018003e268     ucrtd:ucrtbased.dll
 0005:00000270       __imp__cexit               000000018003e270     ucrtd:ucrtbased.dll
 0005:00000278       __imp_terminate            000000018003e278     ucrtd:ucrtbased.dll
 0005:00000280       __imp_ferror               000000018003e280     ucrtd:ucrtbased.dll
 0005:00000288       __imp__wopen               000000018003e288     ucrtd:ucrtbased.dll
 0005:00000290       __imp_wcstombs             000000018003e290     ucrtd:ucrtbased.dll
 0005:00000298       __imp_malloc               000000018003e298     ucrtd:ucrtbased.dll
 0005:000002a0       __imp_free                 000000018003e2a0     ucrtd:ucrtbased.dll
 0005:000002a8       __imp_strlen               000000018003e2a8     ucrtd:ucrtbased.dll
 0005:000002b0       __imp___stdio_common_vsprintf 000000018003e2b0     ucrtd:ucrtbased.dll
 0005:000002b8       __imp_fread                000000018003e2b8     ucrtd:ucrtbased.dll
 0005:000002c0       __imp_fclose               000000018003e2c0     ucrtd:ucrtbased.dll
 0005:000002c8       __imp__write               000000018003e2c8     ucrtd:ucrtbased.dll
 0005:000002d0       __imp__read                000000018003e2d0     ucrtd:ucrtbased.dll
 0005:000002d8       __imp__close               000000018003e2d8     ucrtd:ucrtbased.dll
 0005:000002e0       __imp_strerror             000000018003e2e0     ucrtd:ucrtbased.dll
 0005:000002e8       __imp__errno               000000018003e2e8     ucrtd:ucrtbased.dll
 0005:000002f0       __imp__initialize_narrow_environment 000000018003e2f0     ucrtd:ucrtbased.dll
 0005:000002f8       __imp__open                000000018003e2f8     ucrtd:ucrtbased.dll
 0005:00000300       __imp_ftell                000000018003e300     ucrtd:ucrtbased.dll
 0005:00000308       \177ucrtbased_NULL_THUNK_DATA 000000018003e308     ucrtd:ucrtbased.dll
 0005:00000398       __IMPORT_DESCRIPTOR_KERNEL32 000000018003e398     kernel32:KERNEL32.dll
 0005:000003ac       __IMPORT_DESCRIPTOR_VCRUNTIME140D 000000018003e3ac     vcruntimed:VCRUNTIME140D.dll
 0005:000003c0       __IMPORT_DESCRIPTOR_ucrtbased 000000018003e3c0     ucrtd:ucrtbased.dll
 0005:000003d4       __NULL_IMPORT_DESCRIPTOR   000000018003e3d4     kernel32:KERNEL32.dll
 0006:00000000       __guard_check_icall_fptr   000000018003f000     MSVCRTD:guard_support.obj
 0006:00000010       __guard_xfg_check_icall_fptr 000000018003f010     MSVCRTD:guard_support.obj
 0006:00000020       __guard_dispatch_icall_fptr 000000018003f020     MSVCRTD:guard_support.obj
 0006:00000030       __guard_xfg_dispatch_icall_fptr 000000018003f030     MSVCRTD:guard_support.obj
 0006:00000040       __guard_xfg_table_dispatch_icall_fptr 000000018003f040     MSVCRTD:guard_support.obj
 0006:00000050       __castguard_check_failure_os_handled_fptr 000000018003f050     MSVCRTD:guard_support.obj
 0006:00000060       __guard_memcpy_fptr        000000018003f060     vcruntimed:softmemtag.obj

 entry point at        0001:00000014

 Static symbols

 0002:fffcf000       $unwind$vsnprintf          0000000180000000     gzwrite.obj
 0000:fffbe000       .debug$S                   0000000180000000     zlibwapi.exp
 0000:fffbe000       .debug$S                   0000000180000000     ucrtd:ucrtbased.dll
 0000:fffbe000       .debug$S                   0000000180000000     ucrtd:ucrtbased.dll
 0000:fffbe000       .debug$S                   0000000180000000     ucrtd:ucrtbased.dll
 0000:fffbe000       .debug$S                   0000000180000000     ucrtd:ucrtbased.dll
 0000:fffbe000       .debug$S                   0000000180000000     ucrtd:ucrtbased.dll
 0000:fffbe000       .debug$S                   0000000180000000     ucrtd:ucrtbased.dll
 0000:fffbe000       .debug$S                   0000000180000000     ucrtd:ucrtbased.dll
 0000:fffbe000       .debug$S                   0000000180000000     ucrtd:ucrtbased.dll
 0000:fffbe000       .debug$S                   0000000180000000     ucrtd:ucrtbased.dll
 0000:fffbe000       .debug$S                   0000000180000000     ucrtd:ucrtbased.dll
 0000:fffbe000       .debug$S                   0000000180000000     ucrtd:ucrtbased.dll
 0000:fffbe000       .debug$S                   0000000180000000     ucrtd:ucrtbased.dll
 0000:fffbe000       .debug$S                   0000000180000000     ucrtd:ucrtbased.dll
 0000:fffbe000       .debug$S                   0000000180000000     ucrtd:ucrtbased.dll
 0000:fffbe000       .debug$S                   0000000180000000     ucrtd:ucrtbased.dll
 0000:fffbe000       .debug$S                   0000000180000000     ucrtd:ucrtbased.dll
 0000:fffbe000       .debug$S                   0000000180000000     ucrtd:ucrtbased.dll
 0000:fffbe000       .debug$S                   0000000180000000     ucrtd:ucrtbased.dll
 0000:fffbe000       .debug$S                   0000000180000000     ucrtd:ucrtbased.dll
 0000:fffbe000       .debug$S                   0000000180000000     ucrtd:ucrtbased.dll
 0000:fffbe000       .debug$S                   0000000180000000     ucrtd:ucrtbased.dll
 0000:fffbe000       .debug$S                   0000000180000000     ucrtd:ucrtbased.dll
 0000:fffbe000       .debug$S                   0000000180000000     ucrtd:ucrtbased.dll
 0000:fffbe000       .debug$S                   0000000180000000     ucrtd:ucrtbased.dll
 0000:fffbe000       .debug$S                   0000000180000000     ucrtd:ucrtbased.dll
 0000:fffbe000       .debug$S                   0000000180000000     ucrtd:ucrtbased.dll
 0000:fffbe000       .debug$S                   0000000180000000     ucrtd:ucrtbased.dll
 0000:fffbe000       .debug$S                   0000000180000000     ucrtd:ucrtbased.dll
 0000:fffbe000       .debug$S                   0000000180000000     ucrtd:ucrtbased.dll
 0000:fffbe000       .debug$S                   0000000180000000     ucrtd:ucrtbased.dll
 0000:fffbe000       .debug$S                   0000000180000000     ucrtd:ucrtbased.dll
 0000:fffbe000       .debug$S                   0000000180000000     ucrtd:ucrtbased.dll
 0000:fffbe000       .debug$S                   0000000180000000     ucrtd:ucrtbased.dll
 0000:fffbe000       .debug$S                   0000000180000000     ucrtd:ucrtbased.dll
 0000:fffbe000       .debug$S                   0000000180000000     ucrtd:ucrtbased.dll
 0000:fffbe000       .debug$S                   0000000180000000     ucrtd:ucrtbased.dll
 0000:fffbe000       .debug$S                   0000000180000000     ucrtd:ucrtbased.dll
 0000:fffbe000       .debug$S                   0000000180000000     ucrtd:ucrtbased.dll
 0000:fffbe000       .debug$S                   0000000180000000     kernel32:KERNEL32.dll
 0000:fffbe000       .debug$S                   0000000180000000     kernel32:KERNEL32.dll
 0000:fffbe000       .debug$S                   0000000180000000     kernel32:KERNEL32.dll
 0000:fffbe000       .debug$S                   0000000180000000     kernel32:KERNEL32.dll
 0000:fffbe000       .debug$S                   0000000180000000     kernel32:KERNEL32.dll
 0000:fffbe000       .debug$S                   0000000180000000     kernel32:KERNEL32.dll
 0000:fffbe000       .debug$S                   0000000180000000     kernel32:KERNEL32.dll
 0000:fffbe000       .debug$S                   0000000180000000     kernel32:KERNEL32.dll
 0000:fffbe000       .debug$S                   0000000180000000     kernel32:KERNEL32.dll
 0000:fffbe000       .debug$S                   0000000180000000     kernel32:KERNEL32.dll
 0000:fffbe000       .debug$S                   0000000180000000     kernel32:KERNEL32.dll
 0000:fffbe000       .debug$S                   0000000180000000     kernel32:KERNEL32.dll
 0000:fffbe000       .debug$S                   0000000180000000     kernel32:KERNEL32.dll
 0000:fffbe000       .debug$S                   0000000180000000     kernel32:KERNEL32.dll
 0000:fffbe000       .debug$S                   0000000180000000     kernel32:KERNEL32.dll
 0000:fffbe000       .debug$S                   0000000180000000     kernel32:KERNEL32.dll
 0000:fffbe000       .debug$S                   0000000180000000     kernel32:KERNEL32.dll
 0000:fffbe000       .debug$S                   0000000180000000     kernel32:KERNEL32.dll
 0000:fffbe000       .debug$S                   0000000180000000     kernel32:KERNEL32.dll
 0000:fffbe000       .debug$S                   0000000180000000     kernel32:KERNEL32.dll
 0000:fffbe000       .debug$S                   0000000180000000     kernel32:KERNEL32.dll
 0000:fffbe000       .debug$S                   0000000180000000     kernel32:KERNEL32.dll
 0000:fffbe000       .debug$S                   0000000180000000     kernel32:KERNEL32.dll
 0000:fffbe000       .debug$S                   0000000180000000     kernel32:KERNEL32.dll
 0000:00000000       _volmd                     0000000180000000     MSVCRTD:cpu_disp.obj
 0000:fffc1000       __guard_ehcont_?dllmain_dispatch@@YAHQEAUHINSTANCE__@@KQEAX@Z 0000000180000000     MSVCRTD:dll_dllmain.obj
 0000:fffc1000       __guard_fids_?dllmain_dispatch@@YAHQEAUHINSTANCE__@@KQEAX@Z 0000000180000000     MSVCRTD:dll_dllmain.obj
 0000:00000000       _volmd                     0000000180000000     MSVCRTD:gs_report.obj
 0000:00000000       _volmd                     0000000180000000     MSVCRTD:gs_report.obj
 0000:00000000       _volmd                     0000000180000000     MSVCRTD:gs_report.obj
 0000:fffc1000       __guard_fids__             0000000180000000     MSVCRTD:guard_support.obj
 0000:fffc1000       __guard_fids__             0000000180000000     MSVCRTD:guard_support.obj
 0000:fffc1000       __guard_fids__guard_icall_checks_enforced 0000000180000000     MSVCRTD:guard_support.obj
 0000:00000000       _volmd                     0000000180000000     MSVCRTD:guard_support.obj
 0000:00000000       _volmd                     0000000180000000     MSVCRTD:guard_support.obj
 0000:00000000       _volmd                     0000000180000000     MSVCRTD:guard_support.obj
 0000:00000000       _volmd                     0000000180000000     MSVCRTD:guard_support.obj
 0000:fffc1000       __guard_ehcont___scrt_is_nonwritable_in_current_image 0000000180000000     MSVCRTD:utility.obj
 0000:00000000       _volmd                     0000000180000000     MSVCRTD:utility.obj
 0000:00000000       _volmd                     0000000180000000     MSVCRTD:utility.obj
 0000:00000000       _volmd                     0000000180000000     MSVCRTD:utility.obj
 0000:fffc1000       __guard_fids___scrt_set_unhandled_exception_filter 0000000180000000     MSVCRTD:utility_desktop.obj
 0000:00000000       _volmd                     0000000180000000     MSVCRTD:utility_desktop.obj
 0000:fffc1000       __guard_fids__             0000000180000000     vcruntimed:softmemtag.obj
 0000:fffbe000       .debug$S                   0000000180000000     vcruntimed:VCRUNTIME140D.dll
 0000:fffbe000       .debug$S                   0000000180000000     vcruntimed:VCRUNTIME140D.dll
 0000:fffbe000       .debug$S                   0000000180000000     vcruntimed:VCRUNTIME140D.dll
 0000:fffbe000       .debug$S                   0000000180000000     vcruntimed:VCRUNTIME140D.dll
 0000:fffbe000       .debug$S                   0000000180000000     vcruntimed:VCRUNTIME140D.dll
 0000:fffbe000       .debug$S                   0000000180000000     vcruntimed:VCRUNTIME140D.dll
 0000:fffbe000       .debug$S                   0000000180000000     vcruntimed:VCRUNTIME140D.dll
 0000:fffbe000       .debug$S                   0000000180000000     vcruntimed:VCRUNTIME140D.dll
 0001:000012f0       adler32_combine_           00000001800022f0 f   adler32.obj
 0001:000026e0       multmodp                   00000001800036e0 f   crc32.obj
 0001:00002780       x2nmodp                    0000000180003780 f   crc32.obj
 0001:00002800       byte_swap                  0000000180003800 f   crc32.obj
 0001:00002850       crc_word                   0000000180003850 f   crc32.obj
 0001:000028b0       crc_word_big               00000001800038b0 f   crc32.obj
 0001:000058c0       deflateStateCheck          00000001800068c0 f   deflate.obj
 0001:00005980       slide_hash                 0000000180006980 f   deflate.obj
 0001:00005a90       fill_window                0000000180006a90 f   deflate.obj
 0001:00005f70       deflate_stored             0000000180006f70 f   deflate.obj
 0001:00006b30       deflate_fast               0000000180007b30 f   deflate.obj
 0001:00007640       deflate_slow               0000000180008640 f   deflate.obj
 0001:00008450       deflate_rle                0000000180009450 f   deflate.obj
 0001:00008d90       deflate_huff               0000000180009d90 f   deflate.obj
 0001:00009160       lm_init                    000000018000a160 f   deflate.obj
 0001:000092e0       putShortMSB                000000018000a2e0 f   deflate.obj
 0001:00009350       flush_pending              000000018000a350 f   deflate.obj
 0001:00009460       read_buf                   000000018000a460 f   deflate.obj
 0001:00009570       longest_match              000000018000a570 f   deflate.obj
 0001:0000bfc0       gz_reset                   000000018000cfc0 f   gzlib.obj
 0001:0000c060       gz_open                    000000018000d060 f   gzlib.obj
 0001:0000c4e4       $LN49                      000000018000d4e4     gzlib.obj
 0001:0000c510       $LN48                      000000018000d510     gzlib.obj
 0001:0000d360       gz_load                    000000018000e360 f   gzread.obj
 0001:0000d460       gz_avail                   000000018000e460 f   gzread.obj
 0001:0000d590       gz_look                    000000018000e590 f   gzread.obj
 0001:0000d860       gz_decomp                  000000018000e860 f   gzread.obj
 0001:0000da00       gz_fetch                   000000018000ea00 f   gzread.obj
 0001:0000db30       gz_skip                    000000018000eb30 f   gzread.obj
 0001:0000dc30       gz_read                    000000018000ec30 f   gzread.obj
 0001:0000ed10       gz_init                    000000018000fd10 f   gzwrite.obj
 0001:0000eef0       gz_comp                    000000018000fef0 f   gzwrite.obj
 0001:0000f200       gz_zero                    0000000180010200 f   gzwrite.obj
 0001:0000f330       gz_write                   0000000180010330 f   gzwrite.obj
 0001:00011644       $LN347                     0000000180012644     infback.obj
 0001:000118a0       fixedtables                00000001800128a0 f   infback.obj
 0001:00015d34       $LN526                     0000000180016d34     inflate.obj
 0001:00016cf0       inflateStateCheck          0000000180017cf0 f   inflate.obj
 0001:00016d70       fixedtables                0000000180017d70 f   inflate.obj
 0001:00016dc0       updatewindow               0000000180017dc0 f   inflate.obj
 0001:00017010       syncsearch                 0000000180018010 f   inflate.obj
 0001:00018e80       fopen_file_func            0000000180019e80 f   ioapi.obj
 0001:00018f30       fread_file_func            0000000180019f30 f   ioapi.obj
 0001:00018f80       fwrite_file_func           0000000180019f80 f   ioapi.obj
 0001:00018fd0       ftell64_file_func          0000000180019fd0 f   ioapi.obj
 0001:00019000       fseek64_file_func          000000018001a000 f   ioapi.obj
 0001:000190a0       fclose_file_func           000000018001a0a0 f   ioapi.obj
 0001:000190d0       ferror_file_func           000000018001a0d0 f   ioapi.obj
 0001:00019100       fopen64_file_func          000000018001a100 f   ioapi.obj
 0001:000191b0       ftell_file_func            000000018001a1b0 f   ioapi.obj
 0001:000191e0       fseek_file_func            000000018001a1e0 f   ioapi.obj
 0001:00019ad0       win32_translate_open_mode  000000018001aad0 f   iowin32.obj
 0001:00019b90       win32_build_iowin          000000018001ab90 f   iowin32.obj
 0001:00019e30       MySetFilePointerEx         000000018001ae30 f   iowin32.obj
 0001:0001b040       tr_static_init             000000018001c040 f   trees.obj
 0001:0001b050       init_block                 000000018001c050 f   trees.obj
 0001:0001b150       pqdownheap                 000000018001c150 f   trees.obj
 0001:0001b350       gen_bitlen                 000000018001c350 f   trees.obj
 0001:0001b730       gen_codes                  000000018001c730 f   trees.obj
 0001:0001b820       build_tree                 000000018001c820 f   trees.obj
 0001:0001bd70       scan_tree                  000000018001cd70 f   trees.obj
 0001:0001bfb0       send_tree                  000000018001cfb0 f   trees.obj
 0001:0001ccc0       build_bl_tree              000000018001dcc0 f   trees.obj
 0001:0001cda0       send_all_trees             000000018001dda0 f   trees.obj
 0001:0001d3c0       compress_block             000000018001e3c0 f   trees.obj
 0001:0001dde0       detect_data_type           000000018001ede0 f   trees.obj
 0001:0001dee0       bi_reverse                 000000018001eee0 f   trees.obj
 0001:0001df40       bi_windup                  000000018001ef40 f   trees.obj
 0001:0001e030       bi_flush                   000000018001f030 f   trees.obj
 0001:00021060       unz64local_getByte         0000000180022060 f   unzip.obj
 0001:000210f0       unz64local_getShort        00000001800220f0 f   unzip.obj
 0001:00021190       unz64local_getLong         0000000180022190 f   unzip.obj
 0001:00021290       unz64local_getLong64       0000000180022290 f   unzip.obj
 0001:00021490       strcmpcasenosensitive_internal 0000000180022490 f   unzip.obj
 0001:00021580       unz64local_SearchCentralDir 0000000180022580 f   unzip.obj
 0001:000217d0       unz64local_SearchCentralDir64 00000001800227d0 f   unzip.obj
 0001:00021b50       unzOpenInternal            0000000180022b50 f   unzip.obj
 0001:000220c0       unz64local_DosDateToTmuDate 00000001800230c0 f   unzip.obj
 0001:00022190       unz64local_GetCurrentFileInfoInternal 0000000180023190 f   unzip.obj
 0001:00022a10       unz64local_CheckCurrentFileCoherencyHeader 0000000180023a10 f   unzip.obj
 0001:00023c00       time                       0000000180024c00 f   zip.obj
 0001:00025f10       decrypt_byte               0000000180026f10 f   zip.obj
 0001:00025f60       update_keys                0000000180026f60 f   zip.obj
 0001:00026030       init_keys                  0000000180027030 f   zip.obj
 0001:000260b0       crypthead                  00000001800270b0 f   zip.obj
 0001:000262c0       allocate_new_datablock     00000001800272c0 f   zip.obj
 0001:00026310       free_datablock             0000000180027310 f   zip.obj
 0001:00026360       init_linkedlist            0000000180027360 f   zip.obj
 0001:00026390       free_linkedlist            0000000180027390 f   zip.obj
 0001:000263d0       add_data_in_datablock      00000001800273d0 f   zip.obj
 0001:00026580       zip64local_putValue        0000000180027580 f   zip.obj
 0001:00026650       zip64local_putValue_inmemory 0000000180027650 f   zip.obj
 0001:000266f0       zip64local_TmzDateToDosDate 00000001800276f0 f   zip.obj
 0001:00026790       zip64local_getByte         0000000180027790 f   zip.obj
 0001:00026820       zip64local_getShort        0000000180027820 f   zip.obj
 0001:000268c0       zip64local_getLong         00000001800278c0 f   zip.obj
 0001:000269c0       zip64local_getLong64       00000001800279c0 f   zip.obj
 0001:00026bc0       zip64local_SearchCentralDir 0000000180027bc0 f   zip.obj
 0001:00026e10       zip64local_SearchCentralDir64 0000000180027e10 f   zip.obj
 0001:000271a0       LoadCentralDirectoryRecord 00000001800281a0 f   zip.obj
 0001:00027930       Write_LocalFileHeader      0000000180028930 f   zip.obj
 0001:00027d60       zip64FlushWriteBuffer      0000000180028d60 f   zip.obj
 0001:00027ef0       Write_Zip64EndOfCentralDirectoryLocator 0000000180028ef0 f   zip.obj
 0001:00027fe0       Write_Zip64EndOfCentralDirectoryRecord 0000000180028fe0 f   zip.obj
 0001:000281f0       Write_EndOfCentralDirectoryRecord 00000001800291f0 f   zip.obj
 0001:00028430       Write_GlobalComment        0000000180029430 f   zip.obj
 0001:00029970       $$000000                   000000018002a970     MSVCRTD:chkstk.obj
 0001:000299f0       ?dllmain_crt_dispatch@@YAHQEAUHINSTANCE__@@KQEAX@Z 000000018002a9f0 f   MSVCRTD:dll_dllmain.obj
 0001:00029aa0       ?dllmain_crt_process_attach@@YAHQEAUHINSTANCE__@@QEAX@Z 000000018002aaa0 f   MSVCRTD:dll_dllmain.obj
 0001:00029c30       ?dllmain_crt_process_detach@@YAH_N@Z 000000018002ac30 f   MSVCRTD:dll_dllmain.obj
 0001:00029cf0       ?dllmain_dispatch@@YAHQEAUHINSTANCE__@@KQEAX@Z 000000018002acf0 f   MSVCRTD:dll_dllmain.obj
 0001:00029e80       ?dllmain_raw@@YAHQEAUHINSTANCE__@@KQEAX@Z 000000018002ae80 f   MSVCRTD:dll_dllmain.obj
 0001:00029f80       __get_entropy              000000018002af80 f   MSVCRTD:gs_support.obj
 0001:0002a230       ?find_pe_section@@YAPEAU_IMAGE_SECTION_HEADER@@QEAE_K@Z 000000018002b230 f   MSVCRTD:utility.obj
 0001:0002a350       ?is_potentially_valid_image_base@@YA_NQEAX@Z 000000018002b350 f   MSVCRTD:utility.obj
 0001:0002b0c0       __castguard_check_failure_os_handled_wrapper 000000018002c0c0 f   MSVCRTD:guard_support.obj
 0001:0002b130       __castguard_check_failure_user_handled_wrapper 000000018002c130 f   MSVCRTD:guard_support.obj
 0001:0002b180       __castguard_compat_check   000000018002c180 f   MSVCRTD:guard_support.obj
 0001:0002b3d0       __castguard_slow_path_compat_check 000000018002c3d0 f   MSVCRTD:guard_support.obj
 0001:0002bb20       $$000000                   000000018002cb20     MSVCRTD:amdsecgs.obj
 0001:0002bf10       capture_current_context    000000018002cf10 f   MSVCRTD:gs_report.obj
 0001:0002bfd0       capture_previous_context   000000018002cfd0 f   MSVCRTD:gs_report.obj
 0001:0002d690       $$000000                   000000018002e690     MSVCRTD:guard_dispatch.obj
 0001:0002d6b0       $$000000                   000000018002e6b0     MSVCRTD:guard_xfg_dispatch.obj
 0001:0002e6d0       ?fin$0@?0??dllmain_crt_process_attach@@YAHQEAUHINSTANCE__@@QEAX@Z@4HA 000000018002f6d0 f   MSVCRTD:dll_dllmain.obj
 0001:0002e6f0       ?fin$0@?0??dllmain_crt_process_detach@@YAH_N@Z@4HA 000000018002f6f0 f   MSVCRTD:dll_dllmain.obj
 0001:0002e70a       ?fin$1@?0??dllmain_crt_process_detach@@YAH_N@Z@4HA 000000018002f70a f   MSVCRTD:dll_dllmain.obj
 0001:0002e730       ?filt$0@?0??dllmain_dispatch@@YAHQEAUHINSTANCE__@@KQEAX@Z@4HA 000000018002f730 f   MSVCRTD:dll_dllmain.obj
 0001:0002e790       __scrt_is_nonwritable_in_current_image$filt$0 000000018002f790 f   MSVCRTD:utility.obj
 0002:00000880       crc_table                  0000000180031880     crc32.obj
 0002:00000c80       crc_big_table              0000000180031c80     crc32.obj
 0002:00001080       crc_braid_table            0000000180032080     crc32.obj
 0002:00002080       crc_braid_big_table        0000000180033080     crc32.obj
 0002:00003080       x2n_table                  0000000180034080     crc32.obj
 0002:00003970       configuration_table        0000000180034970     deflate.obj
 0002:00003a10       ?my_version@?1??deflateInit2_@@9@9 0000000180034a10     deflate.obj
 0002:00003a50       ?lenfix@?1??fixedtables@@9@9 0000000180034a50     infback.obj
 0002:00004250       ?distfix@?1??fixedtables@@9@9 0000000180035250     infback.obj
 0002:000042d0       ?order@?1??inflateBack@@9@9 00000001800352d0     infback.obj
 0002:000044b0       ?lenfix@?1??fixedtables@@9@9 00000001800354b0     inflate.obj
 0002:00004cb0       ?distfix@?1??fixedtables@@9@9 0000000180035cb0     inflate.obj
 0002:00004d30       ?order@?1??inflate@@9@9    0000000180035d30     inflate.obj
 0002:00004f40       ?lbase@?1??inflate_table@@9@9 0000000180035f40     inftrees.obj
 0002:00004f80       ?lext@?1??inflate_table@@9@9 0000000180035f80     inftrees.obj
 0002:00004fc0       ?dbase@?1??inflate_table@@9@9 0000000180035fc0     inftrees.obj
 0002:00005000       ?dext@?1??inflate_table@@9@9 0000000180036000     inftrees.obj
 0002:00005380       extra_lbits                0000000180036380     trees.obj
 0002:00005400       extra_dbits                0000000180036400     trees.obj
 0002:00005480       extra_blbits               0000000180036480     trees.obj
 0002:000054d0       bl_order                   00000001800364d0     trees.obj
 0002:000054f0       static_ltree               00000001800364f0     trees.obj
 0002:00005970       static_dtree               0000000180036970     trees.obj
 0002:000059f0       base_length                00000001800369f0     trees.obj
 0002:00005a70       base_dist                  0000000180036a70     trees.obj
 0002:00005ae8       static_l_desc              0000000180036ae8     trees.obj
 0002:00005b08       static_d_desc              0000000180036b08     trees.obj
 0002:00005b28       static_bl_desc             0000000180036b28     trees.obj
 0002:00005eb0       GS_ExceptionPointers       0000000180036eb0     MSVCRTD:gs_report.obj
 0002:00006b68       $unwind$adler32            0000000180037b68     adler32.obj
 0002:00006b70       $unwind$adler32_z          0000000180037b70     adler32.obj
 0002:00006b78       $unwind$adler32_combine    0000000180037b78     adler32.obj
 0002:00006b80       $unwind$adler32_combine_   0000000180037b80     adler32.obj
 0002:00006b88       $unwind$adler32_combine64  0000000180037b88     adler32.obj
 0002:00006b94       $unwind$compress           0000000180037b94     compress.obj
 0002:00006b9c       $unwind$compress2          0000000180037b9c     compress.obj
 0002:00006ba8       $unwind$crc32              0000000180037ba8     crc32.obj
 0002:00006bb0       $unwind$crc32_z            0000000180037bb0     crc32.obj
 0002:00006bb8       $unwind$crc32_combine_op   0000000180037bb8     crc32.obj
 0002:00006bc0       $unwind$crc32_combine      0000000180037bc0     crc32.obj
 0002:00006bc8       $unwind$crc32_combine_gen  0000000180037bc8     crc32.obj
 0002:00006bd0       $unwind$multmodp           0000000180037bd0     crc32.obj
 0002:00006bd8       $unwind$x2nmodp            0000000180037bd8     crc32.obj
 0002:00006be0       $unwind$crc_word           0000000180037be0     crc32.obj
 0002:00006be8       $unwind$crc_word_big       0000000180037be8     crc32.obj
 0002:00006bf0       $unwind$crc32_combine64    0000000180037bf0     crc32.obj
 0002:00006bf8       $unwind$crc32_combine_gen64 0000000180037bf8     crc32.obj
 0002:00006c08       $unwind$deflate            0000000180037c08     deflate.obj
 0002:00006c10       $unwind$deflateEnd         0000000180037c10     deflate.obj
 0002:00006c18       $unwind$deflateSetDictionary 0000000180037c18     deflate.obj
 0002:00006c20       $unwind$deflateGetDictionary 0000000180037c20     deflate.obj
 0002:00006c28       $unwind$deflateCopy        0000000180037c28     deflate.obj
 0002:00006c30       $unwind$deflateReset       0000000180037c30     deflate.obj
 0002:00006c38       $unwind$deflateParams      0000000180037c38     deflate.obj
 0002:00006c40       $unwind$deflateTune        0000000180037c40     deflate.obj
 0002:00006c48       $unwind$deflateBound       0000000180037c48     deflate.obj
 0002:00006c50       $unwind$deflatePending     0000000180037c50     deflate.obj
 0002:00006c58       $unwind$deflatePrime       0000000180037c58     deflate.obj
 0002:00006c60       $unwind$deflateSetHeader   0000000180037c60     deflate.obj
 0002:00006c68       $unwind$deflateInit_       0000000180037c68     deflate.obj
 0002:00006c70       $unwind$deflateInit2_      0000000180037c70     deflate.obj
 0002:00006c78       $unwind$deflateResetKeep   0000000180037c78     deflate.obj
 0002:00006c80       $unwind$deflateStateCheck  0000000180037c80     deflate.obj
 0002:00006c88       $unwind$slide_hash         0000000180037c88     deflate.obj
 0002:00006c90       $unwind$fill_window        0000000180037c90     deflate.obj
 0002:00006c98       $unwind$deflate_stored     0000000180037c98     deflate.obj
 0002:00006ca0       $unwind$deflate_fast       0000000180037ca0     deflate.obj
 0002:00006ca8       $unwind$deflate_slow       0000000180037ca8     deflate.obj
 0002:00006cb0       $unwind$deflate_rle        0000000180037cb0     deflate.obj
 0002:00006cb8       $unwind$deflate_huff       0000000180037cb8     deflate.obj
 0002:00006cc0       $unwind$lm_init            0000000180037cc0     deflate.obj
 0002:00006cc8       $unwind$flush_pending      0000000180037cc8     deflate.obj
 0002:00006cd0       $unwind$read_buf           0000000180037cd0     deflate.obj
 0002:00006cd8       $unwind$longest_match      0000000180037cd8     deflate.obj
 0002:00006cf8       $unwind$gzclose            0000000180037cf8     gzclose.obj
 0002:00006d00       $unwind$vsnprintf          0000000180037d00     gzlib.obj
 0002:00006d08       $unwind$snprintf           0000000180037d08     gzlib.obj
 0002:00006d10       $unwind$gzdopen            0000000180037d10     gzlib.obj
 0002:00006d18       $unwind$gzbuffer           0000000180037d18     gzlib.obj
 0002:00006d20       $unwind$gzrewind           0000000180037d20     gzlib.obj
 0002:00006d28       $unwind$gzeof              0000000180037d28     gzlib.obj
 0002:00006d30       $unwind$gzerror            0000000180037d30     gzlib.obj
 0002:00006d38       $unwind$gzclearerr         0000000180037d38     gzlib.obj
 0002:00006d40       $unwind$gzopen             0000000180037d40     gzlib.obj
 0002:00006d48       $unwind$gzseek             0000000180037d48     gzlib.obj
 0002:00006d50       $unwind$gztell             0000000180037d50     gzlib.obj
 0002:00006d58       $unwind$gzoffset           0000000180037d58     gzlib.obj
 0002:00006d60       $unwind$gzopen_w           0000000180037d60     gzlib.obj
 0002:00006d68       $unwind$gzopen64           0000000180037d68     gzlib.obj
 0002:00006d70       $unwind$gzseek64           0000000180037d70     gzlib.obj
 0002:00006d78       $unwind$gztell64           0000000180037d78     gzlib.obj
 0002:00006d80       $unwind$gzoffset64         0000000180037d80     gzlib.obj
 0002:00006d88       $unwind$gz_error           0000000180037d88     gzlib.obj
 0002:00006d90       $unwind$gz_reset           0000000180037d90     gzlib.obj
 0002:00006d98       $unwind$gz_open            0000000180037d98     gzlib.obj
 0002:00006db0       $unwind$gzread             0000000180037db0     gzread.obj
 0002:00006db8       $unwind$gzfread            0000000180037db8     gzread.obj
 0002:00006dc0       $unwind$gzgets             0000000180037dc0     gzread.obj
 0002:00006dc8       $unwind$gzgetc             0000000180037dc8     gzread.obj
 0002:00006dd0       $unwind$gzungetc           0000000180037dd0     gzread.obj
 0002:00006dd8       $unwind$gzdirect           0000000180037dd8     gzread.obj
 0002:00006de0       $unwind$gzclose_r          0000000180037de0     gzread.obj
 0002:00006de8       $unwind$gzgetc_            0000000180037de8     gzread.obj
 0002:00006df0       $unwind$gz_load            0000000180037df0     gzread.obj
 0002:00006df8       $unwind$gz_avail           0000000180037df8     gzread.obj
 0002:00006e00       $unwind$gz_look            0000000180037e00     gzread.obj
 0002:00006e08       $unwind$gz_decomp          0000000180037e08     gzread.obj
 0002:00006e10       $unwind$gz_fetch           0000000180037e10     gzread.obj
 0002:00006e18       $unwind$gz_skip            0000000180037e18     gzread.obj
 0002:00006e20       $unwind$gz_read            0000000180037e20     gzread.obj
 0002:00006e34       $unwind$gzsetparams        0000000180037e34     gzwrite.obj
 0002:00006e3c       $unwind$gzwrite            0000000180037e3c     gzwrite.obj
 0002:00006e44       $unwind$gzfwrite           0000000180037e44     gzwrite.obj
 0002:00006e4c       $unwind$gzprintf           0000000180037e4c     gzwrite.obj
 0002:00006e54       $unwind$gzputs             0000000180037e54     gzwrite.obj
 0002:00006e5c       $unwind$gzputc             0000000180037e5c     gzwrite.obj
 0002:00006e64       $unwind$gzflush            0000000180037e64     gzwrite.obj
 0002:00006e6c       $unwind$gzclose_w          0000000180037e6c     gzwrite.obj
 0002:00006e74       $unwind$gzvprintf          0000000180037e74     gzwrite.obj
 0002:00006e7c       $unwind$gz_init            0000000180037e7c     gzwrite.obj
 0002:00006e84       $unwind$gz_comp            0000000180037e84     gzwrite.obj
 0002:00006e8c       $unwind$gz_zero            0000000180037e8c     gzwrite.obj
 0002:00006e94       $unwind$gz_write           0000000180037e94     gzwrite.obj
 0002:00006ea8       $unwind$inflateBack        0000000180037ea8     infback.obj
 0002:00006eb0       $unwind$inflateBackEnd     0000000180037eb0     infback.obj
 0002:00006eb8       $unwind$inflateBackInit_   0000000180037eb8     infback.obj
 0002:00006ec4       $unwind$inflate_fast       0000000180037ec4     inffast.obj
 0002:00006ecc       $unwind$inflate            0000000180037ecc     inflate.obj
 0002:00006ed4       $unwind$inflateEnd         0000000180037ed4     inflate.obj
 0002:00006edc       $unwind$inflateSetDictionary 0000000180037edc     inflate.obj
 0002:00006ee4       $unwind$inflateGetDictionary 0000000180037ee4     inflate.obj
 0002:00006eec       $unwind$inflateSync        0000000180037eec     inflate.obj
 0002:00006ef4       $unwind$inflateCopy        0000000180037ef4     inflate.obj
 0002:00006efc       $unwind$inflateReset       0000000180037efc     inflate.obj
 0002:00006f04       $unwind$inflateReset2      0000000180037f04     inflate.obj
 0002:00006f0c       $unwind$inflatePrime       0000000180037f0c     inflate.obj
 0002:00006f14       $unwind$inflateMark        0000000180037f14     inflate.obj
 0002:00006f1c       $unwind$inflateGetHeader   0000000180037f1c     inflate.obj
 0002:00006f24       $unwind$inflateInit_       0000000180037f24     inflate.obj
 0002:00006f2c       $unwind$inflateInit2_      0000000180037f2c     inflate.obj
 0002:00006f34       $unwind$inflateSyncPoint   0000000180037f34     inflate.obj
 0002:00006f3c       $unwind$inflateUndermine   0000000180037f3c     inflate.obj
 0002:00006f44       $unwind$inflateValidate    0000000180037f44     inflate.obj
 0002:00006f4c       $unwind$inflateCodesUsed   0000000180037f4c     inflate.obj
 0002:00006f54       $unwind$inflateResetKeep   0000000180037f54     inflate.obj
 0002:00006f5c       $unwind$inflateStateCheck  0000000180037f5c     inflate.obj
 0002:00006f64       $unwind$updatewindow       0000000180037f64     inflate.obj
 0002:00006f6c       $unwind$syncsearch         0000000180037f6c     inflate.obj
 0002:00006f84       $unwind$inflate_table      0000000180037f84     inftrees.obj
 0002:00006f8c       $unwind$call_zopen64       0000000180037f8c     ioapi.obj
 0002:00006f94       $unwind$call_zseek64       0000000180037f94     ioapi.obj
 0002:00006f9c       $unwind$call_ztell64       0000000180037f9c     ioapi.obj
 0002:00006fa4       $unwind$fopen_file_func    0000000180037fa4     ioapi.obj
 0002:00006fac       $unwind$fread_file_func    0000000180037fac     ioapi.obj
 0002:00006fb4       $unwind$fwrite_file_func   0000000180037fb4     ioapi.obj
 0002:00006fbc       $unwind$ftell64_file_func  0000000180037fbc     ioapi.obj
 0002:00006fc4       $unwind$fseek64_file_func  0000000180037fc4     ioapi.obj
 0002:00006fcc       $unwind$fclose_file_func   0000000180037fcc     ioapi.obj
 0002:00006fd4       $unwind$ferror_file_func   0000000180037fd4     ioapi.obj
 0002:00006fdc       $unwind$fopen64_file_func  0000000180037fdc     ioapi.obj
 0002:00006fe4       $unwind$ftell_file_func    0000000180037fe4     ioapi.obj
 0002:00006fec       $unwind$fseek_file_func    0000000180037fec     ioapi.obj
 0002:00007000       $unwind$win32_open_file_func 0000000180038000     iowin32.obj
 0002:00007008       $unwind$win32_read_file_func 0000000180038008     iowin32.obj
 0002:00007010       $unwind$win32_write_file_func 0000000180038010     iowin32.obj
 0002:00007018       $unwind$win32_tell64_file_func 0000000180038018     iowin32.obj
 0002:00007020       $unwind$win32_seek64_file_func 0000000180038020     iowin32.obj
 0002:00007028       $unwind$win32_close_file_func 0000000180038028     iowin32.obj
 0002:00007030       $unwind$win32_error_file_func 0000000180038030     iowin32.obj
 0002:00007038       $unwind$win32_build_iowin  0000000180038038     iowin32.obj
 0002:00007044       $unwind$win32_open64_file_func 0000000180038044     iowin32.obj
 0002:0000704c       $unwind$win32_open64_file_funcA 000000018003804c     iowin32.obj
 0002:00007054       $unwind$win32_open64_file_funcW 0000000180038054     iowin32.obj
 0002:0000705c       $unwind$MySetFilePointerEx 000000018003805c     iowin32.obj
 0002:00007064       $unwind$win32_tell_file_func 0000000180038064     iowin32.obj
 0002:0000706c       $unwind$win32_seek_file_func 000000018003806c     iowin32.obj
 0002:00007080       $unwind$_tr_init           0000000180038080     trees.obj
 0002:00007088       $unwind$_tr_tally          0000000180038088     trees.obj
 0002:00007090       $unwind$_tr_flush_block    0000000180038090     trees.obj
 0002:00007098       $unwind$_tr_flush_bits     0000000180038098     trees.obj
 0002:000070a0       $unwind$_tr_align          00000001800380a0     trees.obj
 0002:000070a8       $unwind$_tr_stored_block   00000001800380a8     trees.obj
 0002:000070b0       $unwind$init_block         00000001800380b0     trees.obj
 0002:000070b8       $unwind$pqdownheap         00000001800380b8     trees.obj
 0002:000070c0       $unwind$gen_bitlen         00000001800380c0     trees.obj
 0002:000070c8       $unwind$gen_codes          00000001800380c8     trees.obj
 0002:000070d0       $unwind$build_tree         00000001800380d0     trees.obj
 0002:000070d8       $unwind$scan_tree          00000001800380d8     trees.obj
 0002:000070e0       $unwind$send_tree          00000001800380e0     trees.obj
 0002:000070e8       $unwind$build_bl_tree      00000001800380e8     trees.obj
[...]
 0002:0000774c       $unwind$__GSHandlerCheckCommon 000000018003874c     MSVCRTD:gshandler.obj
 0002:00007754       $unwind$__GSHandlerCheck   0000000180038754     MSVCRTD:gshandler.obj
 0002:00007760       $xdatasym                  0000000180038760     MSVCRTD:amdsecgs.obj
 0002:00007764       $unwind$__report_securityfailure 0000000180038764     MSVCRTD:gs_report.obj
 0002:0000776c       $unwind$__report_securityfailureEx 000000018003876c     MSVCRTD:gs_report.obj
 0002:00007774       $unwind$__report_rangecheckfailure 0000000180038774     MSVCRTD:gs_report.obj
 0002:0000777c       $unwind$__report_gsfailure 000000018003877c     MSVCRTD:gs_report.obj
 0002:00007784       $unwind$capture_current_context 0000000180038784     MSVCRTD:gs_report.obj
 0002:0000778c       $unwind$capture_previous_context 000000018003878c     MSVCRTD:gs_report.obj
 0002:00007794       $unwind$__raise_securityfailure 0000000180038794     MSVCRTD:gs_report.obj
 0002:000079f0       .edata                     00000001800389f0     zlibwapi.exp
 0002:00007a18       rgpv                       0000000180038a18     zlibwapi.exp
 0002:00007ce0       rgszName                   0000000180038ce0     zlibwapi.exp
 0002:00007ef0       rgwOrd                     0000000180038ef0     zlibwapi.exp
 0002:00007ff8       szName                     0000000180038ff8     zlibwapi.exp
 0002:00008005       $N00001                    0000000180039005     zlibwapi.exp
 0002:0000800d       $N00140                    000000018003900d     zlibwapi.exp
 0002:0000801d       $N00174                    000000018003901d     zlibwapi.exp
 0002:00008027       $N00002                    0000000180039027     zlibwapi.exp
 0002:00008030       $N00039                    0000000180039030     zlibwapi.exp
 0002:0000803a       $N00046                    000000018003903a     zlibwapi.exp
 0002:00008048       $N00003                    0000000180039048     zlibwapi.exp
 0002:0000804e       $N00142                    000000018003904e     zlibwapi.exp
 0002:0000805c       $N00176                    000000018003905c     zlibwapi.exp
 0002:0000806e       $N00177                    000000018003906e     zlibwapi.exp
 0002:00008082       $N00178                    0000000180039082     zlibwapi.exp
 0002:00008093       $N00175                    0000000180039093     zlibwapi.exp
 0002:0000809b       $N00004                    000000018003909b     zlibwapi.exp
 0002:000080a3       $N00047                    00000001800390a3     zlibwapi.exp
 0002:000080b0       $N00005                    00000001800390b0     zlibwapi.exp
 0002:000080bc       $N00006                    00000001800390bc     zlibwapi.exp
 0002:000080c7       $N00173                    00000001800390c7     zlibwapi.exp
 0002:000080dc       $N00007                    00000001800390dc     zlibwapi.exp
 0002:000080ea       $N00008                    00000001800390ea     zlibwapi.exp
 0002:000080f7       $N00009                    00000001800390f7     zlibwapi.exp
 0002:00008105       $N00052                    0000000180039105     zlibwapi.exp
 0002:00008114       $N00051                    0000000180039114     zlibwapi.exp
 0002:00008121       $N00010                    0000000180039121     zlibwapi.exp
 0002:0000812e       $N00164                    000000018003912e     zlibwapi.exp
 0002:0000813f       $N00011                    000000018003913f     zlibwapi.exp
 0002:00008154       $N00144                    0000000180039154     zlibwapi.exp
 0002:00008165       $N00145                    0000000180039165     zlibwapi.exp
 0002:00008171       $N00110                    0000000180039171     zlibwapi.exp
 0002:00008185       $N00111                    0000000180039185     zlibwapi.exp
 0002:0000819b       $N00112                    000000018003919b     zlibwapi.exp
 0002:000081b2       $N00113                    00000001800391b2     zlibwapi.exp
 0002:000081c9       $N00038                    00000001800391c9     zlibwapi.exp
 0002:000081d7       $N00146                    00000001800391d7     zlibwapi.exp
 0002:000081e0       $N00048                    00000001800391e0     zlibwapi.exp
 0002:000081eb       $N00012                    00000001800391eb     zlibwapi.exp
 0002:000081f3       $N00147                    00000001800391f3     zlibwapi.exp
 0002:000081fd       $N00148                    00000001800391fd     zlibwapi.exp
 0002:00008207       $N00149                    0000000180039207     zlibwapi.exp
 0002:00008210       $N00013                    0000000180039210     zlibwapi.exp
 0002:00008218       $N00034                    0000000180039218     zlibwapi.exp
 0002:0000821e       $N00014                    000000018003921e     zlibwapi.exp
 0002:00008226       $N00015                    0000000180039226     zlibwapi.exp
 0002:0000822e       $N00171                    000000018003922e     zlibwapi.exp
 0002:00008236       $N00172                    0000000180039236     zlibwapi.exp
 0002:0000823f       $N00030                    000000018003923f     zlibwapi.exp
 0002:00008246       $N00161                    0000000180039246     zlibwapi.exp
 0002:0000824e       $N00041                    000000018003924e     zlibwapi.exp
 0002:00008255       $N00150                    0000000180039255     zlibwapi.exp
 0002:0000825e       $N00016                    000000018003925e     zlibwapi.exp
 0002:00008265       $N00165                    0000000180039265     zlibwapi.exp
 0002:0000826e       $N00028                    000000018003926e     zlibwapi.exp
 0002:00008277       $N00029                    0000000180039277     zlibwapi.exp
 0002:0000827e       $N00040                    000000018003927e     zlibwapi.exp
 0002:00008285       $N00017                    0000000180039285     zlibwapi.exp
 0002:0000828c       $N00032                    000000018003928c     zlibwapi.exp
 0002:00008295       $N00031                    0000000180039295     zlibwapi.exp
 0002:0000829c       $N00035                    000000018003929c     zlibwapi.exp
 0002:000082a8       $N00033                    00000001800392a8     zlibwapi.exp
 0002:000082af       $N00049                    00000001800392af     zlibwapi.exp
 0002:000082b8       $N00167                    00000001800392b8     zlibwapi.exp
 0002:000082c2       $N00018                    00000001800392c2     zlibwapi.exp
 0002:000082ca       $N00019                    00000001800392ca     zlibwapi.exp
 0002:000082d2       $N00044                    00000001800392d2     zlibwapi.exp
 0002:000082de       $N00045                    00000001800392de     zlibwapi.exp
 0002:000082ed       $N00043                    00000001800392ed     zlibwapi.exp
 0002:000082fe       $N00168                    00000001800392fe     zlibwapi.exp
 0002:0000830f       $N00042                    000000018003930f     zlibwapi.exp
 0002:0000831b       $N00020                    000000018003931b     zlibwapi.exp
 0002:00008326       $N00166                    0000000180039326     zlibwapi.exp
 0002:0000833b       $N00156                    000000018003933b     zlibwapi.exp
 0002:0000834c       $N00021                    000000018003934c     zlibwapi.exp
 0002:0000835a       $N00022                    000000018003935a     zlibwapi.exp
 0002:00008367       $N00157                    0000000180039367     zlibwapi.exp
 0002:00008373       $N00158                    0000000180039373     zlibwapi.exp
 0002:00008380       $N00023                    0000000180039380     zlibwapi.exp
 0002:0000838d       $N00159                    000000018003938d     zlibwapi.exp
 0002:0000839b       $N00163                    000000018003939b     zlibwapi.exp
 0002:000083ac       $N00024                    00000001800393ac     zlibwapi.exp
 0002:000083c1       $N00025                    00000001800393c1     zlibwapi.exp
 0002:000083cd       $N00037                    00000001800393cd     zlibwapi.exp
 0002:000083de       $N00160                    00000001800393de     zlibwapi.exp
 0002:000083ef       $N00169                    00000001800393ef     zlibwapi.exp
 0002:000083ff       $N00026                    00000001800393ff     zlibwapi.exp
 0002:0000840a       $N00170                    000000018003940a     zlibwapi.exp
 0002:00008416       $N00062                    0000000180039416     zlibwapi.exp
 0002:0000841f       $N00072                    000000018003941f     zlibwapi.exp
 0002:00008433       $N00064                    0000000180039433     zlibwapi.exp
 0002:00008449       $N00124                    0000000180039449     zlibwapi.exp
 0002:00008461       $N00125                    0000000180039461     zlibwapi.exp
 0002:0000847f       $N00100                    000000018003947f     zlibwapi.exp
 0002:0000848d       $N00127                    000000018003948d     zlibwapi.exp
 0002:0000849d       $N00073                    000000018003949d     zlibwapi.exp
 0002:000084b1       $N00063                    00000001800394b1     zlibwapi.exp
 0002:000084c2       $N00122                    00000001800394c2     zlibwapi.exp
 0002:000084d5       $N00076                    00000001800394d5     zlibwapi.exp
 0002:000084eb       $N00101                    00000001800394eb     zlibwapi.exp
 0002:000084fa       $N00128                    00000001800394fa     zlibwapi.exp
 0002:0000850b       $N00065                    000000018003950b     zlibwapi.exp
 0002:0000851c       $N00066                    000000018003951c     zlibwapi.exp
 0002:0000852c       $N00075                    000000018003952c     zlibwapi.exp
 0002:0000853a       $N00061                    000000018003953a     zlibwapi.exp
 0002:00008542       $N00077                    0000000180039542     zlibwapi.exp
 0002:0000854b       $N00121                    000000018003954b     zlibwapi.exp
 0002:00008557       $N00120                    0000000180039557     zlibwapi.exp
 0002:00008561       $N00067                    0000000180039561     zlibwapi.exp
 0002:00008574       $N00078                    0000000180039574     zlibwapi.exp
 0002:00008588       $N00069                    0000000180039588     zlibwapi.exp
 0002:0000859c       $N00079                    000000018003959c     zlibwapi.exp
 0002:000085b7       $N00068                    00000001800395b7     zlibwapi.exp
 0002:000085ca       $N00074                    00000001800395ca     zlibwapi.exp
 0002:000085e3       $N00071                    00000001800395e3     zlibwapi.exp
 0002:000085ea       $N00070                    00000001800395ea     zlibwapi.exp
 0002:000085f2       $N00126                    00000001800395f2     zlibwapi.exp
 0002:000085fc       $N00036                    00000001800395fc     zlibwapi.exp
 0002:00008603       $N00084                    0000000180039603     zlibwapi.exp
 0002:0000860c       $N00083                    000000018003960c     zlibwapi.exp
 0002:0000861e       $N00087                    000000018003961e     zlibwapi.exp
 0002:00008633       $N00136                    0000000180039633     zlibwapi.exp
 0002:0000864a       $N00080                    000000018003964a     zlibwapi.exp
 0002:00008652       $N00088                    0000000180039652     zlibwapi.exp
 0002:0000865b       $N00131                    000000018003965b     zlibwapi.exp
 0002:00008667       $N00130                    0000000180039667     zlibwapi.exp
 0002:00008671       $N00081                    0000000180039671     zlibwapi.exp
 0002:00008685       $N00086                    0000000180039685     zlibwapi.exp
 0002:0000869a       $N00133                    000000018003969a     zlibwapi.exp
 0002:000086b2       $N00089                    00000001800396b2     zlibwapi.exp
 0002:000086c7       $N00134                    00000001800396c7     zlibwapi.exp
 0002:000086df       $N00135                    00000001800396df     zlibwapi.exp
 0002:000086f7       $N00132                    00000001800396f7     zlibwapi.exp
 0002:0000870d       $N00082                    000000018003970d     zlibwapi.exp
 0002:00008721       $N00050                    0000000180039721     zlibwapi.exp
 0002:00008732       $N00027                    0000000180039732     zlibwapi.exp
 0003:00000000       $SG43079                   000000018003a000     compress.obj
 0003:00000008       $SG47975                   000000018003a008     gzlib.obj
 0003:00000010       $SG48002                   000000018003a010     gzlib.obj
 0003:00000018       $SG48122                   000000018003a018     gzlib.obj
 0003:00000028       $SG48151                   000000018003a028     gzlib.obj
 0003:0000002c       $SG48152                   000000018003a02c     gzlib.obj
 0003:00000040       $SG47968                   000000018003a040     gzread.obj
 0003:00000050       $SG47970                   000000018003a050     gzread.obj
 0003:00000058       $SG47971                   000000018003a058     gzread.obj
 0003:00000068       $SG47989                   000000018003a068     gzread.obj
 0003:00000080       $SG47992                   000000018003a080     gzread.obj
 0003:000000a8       $SG47994                   000000018003a0a8     gzread.obj
 0003:000000b8       $SG47996                   000000018003a0b8     gzread.obj
 0003:000000d0       $SG48079                   000000018003a0d0     gzread.obj
 0003:000000f0       $SG48095                   000000018003a0f0     gzread.obj
 0003:00000118       $SG48131                   000000018003a118     gzread.obj
 0003:00000168       $SG47927                   000000018003a168     gzwrite.obj
 0003:00000178       $SG47930                   000000018003a178     gzwrite.obj
 0003:00000188       $SG47931                   000000018003a188     gzwrite.obj
 0003:00000190       $SG47933                   000000018003a190     gzwrite.obj
 0003:000001a0       $SG47967                   000000018003a1a0     gzwrite.obj
 0003:000001c8       $SG48032                   000000018003a1c8     gzwrite.obj
 0003:000001f0       $SG48047                   000000018003a1f0     gzwrite.obj
 0003:00000218       $SG48087                   000000018003a218     gzwrite.obj
 0003:00000268       $SG44688                   000000018003a268     infback.obj
 0003:00000270       $SG45074                   000000018003a270     infback.obj
 0003:00000288       $SG45079                   000000018003a288     infback.obj
 0003:000002a8       $SG45091                   000000018003a2a8     infback.obj
 0003:000002d0       $SG45095                   000000018003a2d0     infback.obj
 0003:000002f0       $SG45106                   000000018003a2f0     infback.obj
 0003:00000310       $SG45114                   000000018003a310     infback.obj
 0003:00000330       $SG45117                   000000018003a330     infback.obj
 0003:00000358       $SG45119                   000000018003a358     infback.obj
 0003:00000378       $SG45121                   000000018003a378     infback.obj
 0003:00000390       $SG45137                   000000018003a390     infback.obj
 0003:000003b0       $SG45149                   000000018003a3b0     infback.obj
 0003:000003c8       $SG45154                   000000018003a3c8     infback.obj
 0003:00000438       $SG44752                   000000018003a438     inffast.obj
 0003:00000458       $SG44767                   000000018003a458     inffast.obj
 0003:00000470       $SG44772                   000000018003a470     inffast.obj
 0003:000004a0       $SG44747                   000000018003a4a0     inflate.obj
 0003:000004a8       $SG45307                   000000018003a4a8     inflate.obj
 0003:000004c0       $SG45309                   000000018003a4c0     inflate.obj
 0003:000004e0       $SG45313                   000000018003a4e0     inflate.obj
 0003:000004f8       $SG45317                   000000018003a4f8     inflate.obj
 0003:00000518       $SG45319                   000000018003a518     inflate.obj
 0003:00000538       $SG45366                   000000018003a538     inflate.obj
 0003:00000550       $SG45383                   000000018003a550     inflate.obj
 0003:00000568       $SG45387                   000000018003a568     inflate.obj
 0003:00000588       $SG45399                   000000018003a588     inflate.obj
 0003:000005b0       $SG45403                   000000018003a5b0     inflate.obj
 0003:000005d0       $SG45413                   000000018003a5d0     inflate.obj
 0003:000005f0       $SG45419                   000000018003a5f0     inflate.obj
 0003:00000610       $SG45422                   000000018003a610     inflate.obj
 0003:00000638       $SG45424                   000000018003a638     inflate.obj
 0003:00000658       $SG45426                   000000018003a658     inflate.obj
 0003:00000670       $SG45440                   000000018003a670     inflate.obj
 0003:00000690       $SG45451                   000000018003a690     inflate.obj
 0003:000006a8       $SG45461                   000000018003a6a8     inflate.obj
 0003:000006c8       $SG45474                   000000018003a6c8     inflate.obj
 0003:000006e0       $SG45479                   000000018003a6e0     inflate.obj
 0003:00000770       $SG47604                   000000018003a770     ioapi.obj
 0003:00000774       $SG47607                   000000018003a774     ioapi.obj
 0003:00000778       $SG47609                   000000018003a778     ioapi.obj
 0003:0000077c       $SG47629                   000000018003a77c     ioapi.obj
 0003:00000780       $SG47632                   000000018003a780     ioapi.obj
 0003:00000784       $SG47634                   000000018003a784     ioapi.obj
 0003:0000078c       $SG43082                   000000018003a78c     uncompr.obj
 0003:00000794       $SG48493                   000000018003a794     unzip.obj
 0003:0000079c       $SG48906                   000000018003a79c     zip.obj
 0003:000007a0       $SG48929                   000000018003a7a0     zip.obj
 0003:000007b0       $SG47930                   000000018003a7b0     zutil.obj
 0003:000007c0       $SG47931                   000000018003a7c0     zutil.obj
 0003:000007d0       $SG47933                   000000018003a7d0     zutil.obj
 0003:000007e0       $SG47934                   000000018003a7e0     zutil.obj
 0003:000007f0       $SG47935                   000000018003a7f0     zutil.obj
 0003:00000800       $SG47936                   000000018003a800     zutil.obj
 0003:00000818       $SG47937                   000000018003a818     zutil.obj
 0003:00000828       $SG47938                   000000018003a828     zutil.obj
 0003:00000840       $SG47941                   000000018003a840     zutil.obj
 0003:000009d0       $SG48123                   000000018003a9d0     gzlib.obj
 0003:000009d4       ?calls@?1??crypthead@@9@9  000000018003a9d4     zip.obj
 0003:000009d8       $SG47932                   000000018003a9d8     zutil.obj
 0003:000009d9       $SG47939                   000000018003a9d9     zutil.obj
 0003:000009dc       ?__proc_attached@@3HA      000000018003a9dc     MSVCRTD:dll_dllmain.obj
 0003:00000a28       ?is_initialized_as_dll@@3_NA 000000018003aa28     MSVCRTD:utility.obj
 0003:00000a29       ?module_local_atexit_table_initialized@@3_NA 000000018003aa29     MSVCRTD:utility.obj
 0003:00000a30       ?module_local_atexit_table@@3U_onexit_table_t@@A 000000018003aa30     MSVCRTD:utility.obj
 0003:00000a48       ?module_local_at_quick_exit_table@@3U_onexit_table_t@@A 000000018003aa48     MSVCRTD:utility.obj
 0003:00000a90       GS_ExceptionRecord         000000018003aa90     MSVCRTD:gs_report.obj
 0003:00000b30       GS_ContextRecord           000000018003ab30     MSVCRTD:gs_report.obj
 0005:000007e4       .idata$6                   000000018003e7e4     kernel32:KERNEL32.dll
 0005:00000886       .idata$6                   000000018003e886     vcruntimed:VCRUNTIME140D.dll
 0005:00000a96       .idata$6                   000000018003ea96     ucrtd:ucrtbased.dll
 0007:00000170       $R000000                   0000000180040170     zlib.res
